******************************************************************************
                  TI ARM Linker PC v18.1.4                     
******************************************************************************
>> Linked Mon Feb 20 17:34:58 2023

OUTPUT FILE NAME:   <empty_MSP_EXP432P4111_tirtos_ccs.out>
ENTRY POINT SYMBOL: "_c_int00"  address: 000166f1


MEMORY CONFIGURATION

         name            origin    length      used     unused   attr    fill
----------------------  --------  ---------  --------  --------  ----  --------
  MAIN                  00000000   00200000  0002338d  001dcc73  R  X
  INFO                  00200000   00008000  00000000  00008000  R  X
  SRAM_CODE             01000000   00040000  0002e376  00011c8a  RW X
  SRAM_DATA             20000000   00040000  0002e376  00011c8a  RW  


SEGMENT ALLOCATION MAP

run origin  load origin   length   init length attrs members
----------  ----------- ---------- ----------- ----- -------
00000000    00000000    00023398   00023398    r-x
  00000000    00000000    0000003c   0000003c    r-- .resetVecs
  00000040    00000040    000195c2   000195c2    r-x .text
  00019608    00019608    000041ef   000041ef    r-- .const
  0001d7f8    0001d7f8    00005ba0   00005ba0    r-- .cinit
20000140    20000140    000186a0   00000000    r--
  20000140    20000140    000186a0   00000000    r-- .priheap
20018800    20018800    00015796   00000000    rw-
  20018800    20018800    0000fc24   00000000    rw- .bss
  20028424    20028424    00005b72   00000000    rw- .data
2003fc00    2003fc00    00000400   00000000    rw-
  2003fc00    2003fc00    00000400   00000000    rw- .stack


SECTION ALLOCATION MAP

 output                                  attributes/
section   page    origin      length       input sections
--------  ----  ----------  ----------   ----------------
.text      0    00000040    000195c2     
                  00000040    000033c4     empty.obj (.text:mainThread)
                  00003404    00002194     HumanDetection.obj (.text:ishumandetected)
                  00005598    00000c9c     IMU_Task.obj (.text:IMU_Task)
                  00006234    000009c0     rtsv7M4_T_le_v4SPD16_eabi.lib : e_pow.c.obj (.text:pow)
                  00006bf4    00000738                                   : k_rem_pio2.c.obj (.text:__kernel_rem_pio2)
                  0000732c    00000648     LevyWalkTask.obj (.text:LevyWalk_AngularVelocityCalculation_Sign)
                  00007974    000005dc     rtsv7M4_T_le_v4SPD16_eabi.lib : s_cos.c.obj (.text:cos)
                  00007f50    000005c4                                   : s_sin.c.obj (.text:sin)
                  00008514    00000558     inv_mpu.obj (.text:get_st_6500_biases)
                  00008a6c    0000054c     IR_Sensor.obj (.text:IR_GetCalib_Data)
                  00008fb8    00000498     LevyWalkTask.obj (.text:LevyWalk_ForwardVelocityCalculation_Sign)
                  00009450    00000470     IR_Sensor.obj (.text:IR_Sensor_ReadPixel)
                  000098c0    0000041c     rtsv7M4_T_le_v4SPD16_eabi.lib : e_acos.c.obj (.text:acos)
                  00009cdc    00000418     StimulationTask.obj (.text:StimulationTask)
                  0000a0f4    000003ec     LevyWalkTask.obj (.text:LevyWalk_SetStimulation)
                  0000a4e0    000003c6     drivers_msp432p4x1xi.aem4f : ADCBufMSP432.oem4f (.text:primeConvert)
                  0000a8a6    00000002                                : I2CMSP432.oem4f (.text:I2CMSP432_init)
                  0000a8a8    000003bc     LevyWalkTask.obj (.text:LevyWalkTask)
                  0000ac64    0000037c     LevyWalkTask.obj (.text:LevyWalk_AngularVelocityCalculation_Version2)
                  0000afe0    000002ec     rtsv7M4_T_le_v4SPD16_eabi.lib : s_atan.c.obj (.text:atan)
                  0000b2cc    000002d4     drivers_msp432p4x1xi.aem4f : PowerMSP432.oem4f (.text:Power_sleep)
                  0000b5a0    000002d0     MPU9250_9Axis_MotionApps.obj (.text:mpu_dmpGetYawPitchRollNew)
                  0000b870    000002c0     LevyWalkTask.obj (.text:LevyWalk_Navigation)
                  0000bb30    000002bc     inv_mpu.obj (.text:accel_6500_self_test)
                  0000bdec    000002a0     drivers_msp432p4x1xi.aem4f : SPIMSP432DMA.oem4f (.text:SPIMSP432DMA_open)
                  0000c08c    00000290     MPU9250_9Axis_MotionApps.obj (.text:mpu_dmpGetLinearAccelInFrame)
                  0000c31c    0000028a     msp432p4xx_driverlib.lib : pcm.o (.text:__PCM_setPowerStateAdvanced)
                  0000c5a6    00000002     dpl_msp432p4x1xi.aem4f : PowerMSP432_tirtos.oem4f (.text:PowerMSP432_initPolicy)
                  0000c5a8    00000284     inv_mpu.obj (.text:gyro_6500_self_test)
                  0000c82c    00000278     IR_Sensor.obj (.text:IR_Interpolation)
                  0000caa4    00000274     drivers_msp432p4x1xi.aem4f : PowerMSP432.oem4f (.text:initPerfControl)
                  0000cd18    00000268     inv_mpu_dmp_motion_driver.obj (.text:dmp_enable_feature)
                  0000cf80    0000025c     inv_mpu.obj (.text:setup_compass)
                  0000d1dc    0000023c     IRSensorTask.obj (.text:IRSensorTask)
                  0000d418    0000023c     arm_cortexM4lf_math.a : arm_var_f32.o (.text:arm_var_f32)
                  0000d654    0000023c     inv_mpu_dmp_motion_driver.obj (.text:dmp_read_fifo)
                  0000d890    0000022c     inv_mpu_dmp_motion_driver.obj (.text:dmp_set_tap_thresh)
                  0000dabc    00000214     AnalogTask.obj (.text:AnalogTask)
                  0000dcd0    000001f0     drivers_msp432p4x1xi.aem4f : I2CMSP432.oem4f (.text:I2CMSP432_open)
                  0000dec0    000001f0     inv_mpu.obj (.text:mpu_reset_fifo)
                  0000e0b0    000001e8     LevyWalkTask.obj (.text:LevyWalk_NavigateTowardTarget)
                  0000e298    000001e8     inv_mpu.obj (.text:mpu_run_6500_self_test)
                  0000e480    000001d8     LevyWalkTask.obj (.text:LevyWalk_ForwardStimulus)
                  0000e658    000001d8     LevyWalkTask.obj (.text:LevyWalk_LeftStimulus)
                  0000e830    000001d8     LevyWalkTask.obj (.text:LevyWalk_RightStimulus)
                  0000ea08    000001d8     rtsv7M4_T_le_v4SPD16_eabi.lib : e_atan2.c.obj (.text:atan2)
                  0000ebe0    000001c4     inv_mpu.obj (.text:mpu_set_sensors)
                  0000eda4    000001b6     rtsv7M4_T_le_v4SPD16_eabi.lib : fd_add_t2.asm.obj (.text)
                  0000ef5a    00000002     DACDriver.obj (.text:SpiTransferError)
                  0000ef5c    000001b4     IR_Sensor.obj (.text:IR_Sensor_read_Ambient_Temp)
                  0000f110    0000019c     inv_mpu_dmp_motion_driver.obj (.text:dmp_set_orientation)
                  0000f2ac    0000019c     inv_mpu.obj (.text:mpu_lp_accel_mode)
                  0000f448    00000198     inv_mpu.obj (.text:mpu_init)
                  0000f5e0    00000186     drivers_msp432p4x1xi.aem4f : I2CMSP432.oem4f (.text:I2CMSP432_hwiIntFxn)
                  0000f766    00000002     rtsv7M4_T_le_v4SPD16_eabi.lib : _lock.c.obj (.text:_nop)
                  0000f768    00000184     inv_mpu.obj (.text:mpu_set_bypass)
                  0000f8ec    00000180     IMU_Task.obj (.text:imuinit)
                  0000fa6c    00000178     LevyWalkTask.obj (.text:LevyWalk_AllSpeedCalculation)
                  0000fbe4    00000178     inv_mpu.obj (.text:compass_self_test)
                  0000fd5c    00000174     drivers_msp432p4x1xi.aem4f : GPIOMSP432.oem4f (.text:GPIO_setConfig)
                  0000fed0    00000174     rtsv7M4_T_le_v4SPD16_eabi.lib : k_sin.c.obj (.text:__kernel_sin)
                  00010044    0000016c                                   : k_cos.c.obj (.text:__kernel_cos)
                  000101b0    0000015c     msp432p4xx_driverlib.lib : pcm.o (.text:__PCM_setPowerModeAdvanced)
                  0001030c    0000015c     drivers_msp432p4x1xi.aem4f : ADCBufMSP432.oem4f (.text:initHw)
                  00010468    00000158     rtsv7M4_T_le_v4SPD16_eabi.lib : e_sqrt.c.obj (.text:sqrt)
                  000105c0    00000140     drivers_msp432p4x1xi.aem4f : ADCBufMSP432.oem4f (.text:ADCBufMSP432_open)
                  00010700    00000136     rtsv7M4_T_le_v4SPD16_eabi.lib : fd_div_t2.asm.obj (.text)
                  00010836    00000002                                   : div0.asm.obj (.text)
                  00010838    00000130     drivers_msp432p4x1xi.aem4f : UDMAMSP432.oem4f (.text:setupInterrupt)
                  00010968    0000012c     sysbios.aem4f : BIOS.obj (.text:ti_sysbios_knl_Semaphore_pend__E)
                  00010a94    00000118     MPU9250_9Axis_MotionApps.obj (.text:mpu_dmpGetLinearAccel)
                  00010bac    00000114     drivers_msp432p4x1xi.aem4f : SPIMSP432DMA.oem4f (.text:SPIMSP432DMA_transfer)
                  00010cc0    00000114     inv_mpu.obj (.text:mpu_load_firmware)
                  00010dd4    00000110     rtsv7M4_T_le_v4SPD16_eabi.lib : s_scalbn.c.obj (.text:scalbn)
                  00010ee4    00000108     empty.obj (.text:Savecurrentdata)
                  00010fec    00000108     msp432p4xx_driverlib.lib : pcm.o (.text:__PCM_setCoreVoltageLevelAdvanced)
                  000110f4    00000004     release_pem4f.oem4f (.text:.bootCodeSection:ti_sysbios_family_arm_msp432_init_Boot_init__I)
                  000110f8    00000108     sysbios.aem4f : BIOS.obj (.text:ti_sysbios_knl_Task_postInit__I)
                  00011200    00000108                   : BIOS.obj (.text:xdc_runtime_Startup_startMods__I)
                  00011308    00000104                   : BIOS.obj (.text:ti_sysbios_knl_Task_Instance_finalize__E)
                  0001140c    00000100     AnalogTask.obj (.text:adcBufCallback)
                  0001150c    000000fc     drivers_msp432p4x1xi.aem4f : SPIMSP432DMA.oem4f (.text:SPIMSP432DMA_transferCancel)
                  00011608    000000fc                                : SPIMSP432DMA.oem4f (.text:configDMA)
                  00011704    000000fc     rtsv7M4_T_le_v4SPD16_eabi.lib : fd_mul_t2.asm.obj (.text)
                  00011800    000000f8                                   : s_floor.c.obj (.text:floor)
                  000118f8    000000f0     msp432p4xx_driverlib.lib : dma.o (.text:DMA_setChannelTransfer)
                  000119e8    000000f0     ext_flash.obj (.text:extFlashWrite)
                  00011ad8    000000f0     inv_mpu.obj (.text:mpu_read_fifo_stream)
                  00011bc8    000000f0     sysbios.aem4f : m3_Hwi_asm.obj (.text:ti_sysbios_family_arm_m3_Hwi_dispatch__I)
                  00011cb8    000000ec     DACDriver.obj (.text:DAC_Init)
                  00011da4    00000004     drivers_msp432p4x1xi.aem4f : ADCBufMSP432.oem4f (.text:ADCBufMSP432_getResolution)
                  00011da8    000000ec     sysbios.aem4f : BIOS.obj (.text:pthread_create)
                  00011e94    000000e8     IR_Sensor.obj (.text:I2CIRinit)
                  00011f7c    000000e8     inv_mpu.obj (.text:mpu_set_accel_bias_6500_reg)
                  00012064    000000e8     inv_mpu.obj (.text:mpu_set_gyro_bias_reg)
                  0001214c    000000e8     inv_mpu.obj (.text:mpu_set_sample_rate)
                  00012234    000000e4     drivers_msp432p4x1xi.aem4f : ADCBufMSP432.oem4f (.text:ADCBufMSP432_hwiIntFxn)
                  00012318    000000e4     msp432p4xx_driverlib.lib : cs.o (.text:CS_startHFXTWithTimeout)
                  000123fc    000000e4     DACDriver.obj (.text:DAC_Set_Value)
                  000124e0    000000e4     sysbios.aem4f : BIOS.obj (.text:ti_sysbios_knl_Task_Instance_init__E)
                  000125c4    000000e0     msp432p4xx_driverlib.lib : cs.o (.text:CS_startLFXTWithTimeout)
                  000126a4    000000dc     drivers_msp432p4x1xi.aem4f : UDMAMSP432.oem4f (.text:UDMAMSP432_close)
                  00012780    000000dc     msp432p4xx_driverlib.lib : cs.o (.text:_CSGetHFXTFrequency)
                  0001285c    000000dc     inv_mpu.obj (.text:mpu_set_lpf)
                  00012938    000000d4     ext_flash.obj (.text:Spitransaction)
                  00012a0c    000000d0     IR_Sensor.obj (.text:IR_Setting_Up)
                  00012adc    000000d0     IMU_Task.obj (.text:run_self_test)
                  00012bac    00000004     msp432p4xx_driverlib.lib : cpu.o (.text:CPU_wfi)
                  00012bb0    000000d0     sysbios.aem4f : BIOS.obj (.text:ti_sysbios_heaps_HeapMem_alloc__E)
                  00012c80    000000cc     drivers_msp432p4x1xi.aem4f : ADCBufMSP432.oem4f (.text:ADCBufMSP432_control)
                  00012d4c    000000cc     ext_flash.obj (.text:extFlashRead)
                  00012e18    000000c4     StimulationTask.obj (.text:PeriodicClockExpired_Stimuli)
                  00012edc    000000bc     empty.obj (.text:StatevariableSave)
                  00012f98    000000bc     data_fusion.obj (.text:single_integration)
                  00013054    00000004     dpl_msp432p4x1xi.aem4f : HwiP_tirtos.oem4f (.text:HwiP_clearInterrupt)
                  00013058    000000bc     sysbios.aem4f : BIOS.obj (.text:ti_sysbios_knl_Task_sleep__E)
                  00013114    000000b8     inv_mpu.obj (.text:set_int_enable)
                  000131cc    000000b4     DACDriver.obj (.text:DAC_Set_Floating)
                  00013280    000000b4     DACDriver.obj (.text:DAC_Set_Output)
                  00013334    000000b4     ext_flash.obj (.text:extFlashErase)
                  000133e8    000000b0     msp432p4xx_driverlib.lib : spi.o (.text:SPI_initMaster)
                  00013498    000000b0     sysbios.aem4f : BIOS.obj (.text:ti_sysbios_knl_Clock_workFuncDynamic__E)
                  00013548    000000ac     drivers_msp432p4x1xi.aem4f : GPIOMSP432.oem4f (.text:GPIO_init)
                  000135f4    00000004     dpl_msp432p4x1xi.aem4f : HwiP_tirtos.oem4f (.text:HwiP_disable)
                  000135f8    000000aa     sysbios.aem4f : BIOS.obj (.text:xdc_runtime_Core_createObject__I)
                  000136a2    00000002     release_pem4f.oem4f (.text:ti_sysbios_BIOS_nullFunc__I)
                  000136a4    000000a8     IMU_Task.obj (.text:i2c_read)
                  0001374c    000000a8     IMU_Task.obj (.text:i2c_write)
                  000137f4    000000a8     inv_mpu.obj (.text:mpu_set_dmp_state)
                  0001389c    00000004     dpl_msp432p4x1xi.aem4f : HwiP_tirtos.oem4f (.text:HwiP_disableInterrupt)
                  000138a0    000000a8     sysbios.aem4f : BIOS.obj (.text:ti_sysbios_family_arm_msp432_Timer_periodicStub__E)
                  00013948    000000a6     drivers_msp432p4x1xi.aem4f : I2CMSP432.oem4f (.text:I2CMSP432_cancel)
                  000139ee    00000002     --HOLE-- [fill = 0]
                  000139f0    000000a4     ext_flash.obj (.text:extFlashOpen)
                  00013a94    000000a4     main_tirtos.obj (.text:main)
                  00013b38    000000a4     inv_mpu.obj (.text:mpu_configure_fifo)
                  00013bdc    00000004     dpl_msp432p4x1xi.aem4f : HwiP_tirtos.oem4f (.text:HwiP_enableInterrupt)
                  00013be0    000000a4     sysbios.aem4f : BIOS.obj (.text:ti_sysbios_knl_Task_setPri__E)
                  00013c84    000000a0     empty.obj (.text:FindLatestLogNumber)
                  00013d24    000000a0     empty.obj (.text:StatevariableRead)
                  00013dc4    000000a0     auto_init.aem4f : auto_init.oem4f (.text)
                  00013e64    000000a0     inv_mpu.obj (.text:mpu_set_gyro_fsr)
                  00013f04    0000009c     drivers_msp432p4x1xi.aem4f : I2CMSP432.oem4f (.text:I2CMSP432_transfer)
                  00013fa0    0000009c     LevyWalkTask.obj (.text:LevyWalk_Norm)
                  0001403c    0000009c     drivers_msp432p4x1xi.aem4f : UDMAMSP432.oem4f (.text:UDMAMSP432_setupPingPongTransfer)
                  000140d8    0000009c     inv_mpu.obj (.text:mpu_read_mem)
                  00014174    0000009c     inv_mpu.obj (.text:mpu_set_accel_fsr)
                  00014210    0000009c     inv_mpu.obj (.text:mpu_write_mem)
                  000142ac    0000009c     rtsv7M4_T_le_v4SPD16_eabi.lib : memcpy_t2.asm.obj (.text)
                  00014348    00000098     empty.obj (.text:DistanceCalculation)
                  000143e0    00000098     LevyWalkTask.obj (.text:LevyWalk_DistanceCalculation)
                  00014478    00000098     sysbios.aem4f : BIOS.obj (.text:ti_sysbios_family_arm_m3_Hwi_Instance_init__E)
                  00014510    00000096     rtsv7M4_T_le_v4SPD16_eabi.lib : ull_div_t2.asm.obj (.text)
                  000145a6    00000002     --HOLE-- [fill = 0]
                  000145a8    00000094     drivers_msp432p4x1xi.aem4f : UDMAMSP432.oem4f (.text:UDMAMSP432_init)
                  0001463c    00000094                                : UDMAMSP432.oem4f (.text:UDMAMSP432_open)
                  000146d0    00000094     sysbios.aem4f : BIOS.obj (.text:_pthread_removeThreadKeys)
                  00014764    00000004     drivers_msp432p4x1xi.aem4f : SPIMSP432DMA.oem4f (.text:SPIMSP432DMA_init)
                  00014768    00000094     sysbios.aem4f : BIOS.obj (.text:ti_sysbios_family_arm_m3_Hwi_initNVIC__E)
                  000147fc    00000004     dpl_msp432p4x1xi.aem4f : SemaphoreP_tirtos.oem4f (.text:SemaphoreP_post)
                  00014800    00000094     sysbios.aem4f : BIOS.obj (.text:ti_sysbios_knl_Task_exit__E)
                  00014894    00000090     empty.obj (.text:Num2textfloat)
                  00014924    00000090     drivers_msp432p4x1xi.aem4f : PowerMSP432.oem4f (.text:Power_init)
                  000149b4    00000004     release_pem4f.oem4f (.text:ti_sysbios_BIOS_RtsGateProxy_enter__E)
                  000149b8    00000090     sysbios.aem4f : BIOS.obj (.text:ti_sysbios_knl_Task_Module_startup__E)
                  00014a48    00000090                   : BIOS.obj (.text:ti_sysbios_knl_Task_schedule__I)
                  00014ad8    00000090                   : BIOS.obj (.text:ti_sysbios_knl_Task_startCore__E)
                  00014b68    0000008c     IRSensorTask.obj (.text:IR_Sensor_OutdoorRotate)
                  00014bf4    0000008c     inv_mpu.obj (.text:mpu_set_int_latched)
                  00014c80    0000008c     sysbios.aem4f : m3_TaskSupport_asm.obj (.text:ti_sysbios_family_arm_m3_TaskSupport_buildTaskStack)
                  00014d0c    00000004     release_pem4f.oem4f (.text:ti_sysbios_BIOS_RtsGateProxy_leave__E)
                  00014d10    0000008c     sysbios.aem4f : BIOS.obj (.text:xdc_runtime_Memory_alloc__E)
                  00014d9c    00000088     inv_mpu_dmp_motion_driver.obj (.text:dmp_set_fifo_rate)
                  00014e24    00000088     data_fusion.obj (.text:fir_filtering)
                  00014eac    00000088     inv_mpu.obj (.text:mpu_read_6500_accel_bias)
                  00014f34    00000088     inv_mpu.obj (.text:mpu_read_6500_gyro_bias)
                  00014fbc    00000086     rtsv7M4_T_le_v4SPD16_eabi.lib : fd_cmp_t2.asm.obj (.text:__aeabi_cdcmple)
                  00015042    00000086                                   : fd_cmp_t2.asm.obj (.text:__aeabi_cdrcmple)
                  000150c8    00000086     drivers_msp432p4x1xi.aem4f : SPIMSP432DMA.oem4f (.text:initHw)
                  0001514e    00000086                                : I2CMSP432.oem4f (.text:primeTransfer)
                  000151d4    00000004     release_pem4f.oem4f (.text:ti_sysbios_family_arm_m3_Hwi_delete)
                  000151d8    00000086     sysbios.aem4f : BIOS.obj (.text:xdc_runtime_Core_constructObject__I)
                  0001525e    00000002     --HOLE-- [fill = 0]
                  00015260    00000084     msp432p4xx_driverlib.lib : pcm.o (.text:PCM_gotoLPM3)
                  000152e4    00000084     drivers_msp432p4x1xi.aem4f : UDMAMSP432.oem4f (.text:UDMAMSP432_setupTransfer)
                  00015368    00000084                                : PowerMSP432.oem4f (.text:restartHFXT)
                  000153ec    00000004     release_pem4f.oem4f (.text:ti_sysbios_family_arm_m3_TaskSupport_Module__startupDone__S)
                  000153f0    00000084     sysbios.aem4f : BIOS.obj (.text:ti_sysbios_family_arm_m3_Hwi_postInit__I)
                  00015474    00000004     release_pem4f.oem4f (.text:ti_sysbios_heaps_HeapMem_Module_GateProxy_enter__E)
                  00015478    00000084     sysbios.aem4f : BIOS.obj (.text:ti_sysbios_heaps_HeapMem_free__E)
                  000154fc    00000080     inv_mpu_dmp_motion_driver.obj (.text:decode_gesture)
                  0001557c    00000080     IMU_Task.obj (.text:inv_row_2_scale)
                  000155fc    00000080     inv_mpu.obj (.text:mpu_set_compass_sample_rate)
                  0001567c    0000007c     inv_mpu.obj (.text:mpu_get_lpf)
                  000156f8    0000007a     rtsv7M4_T_le_v4SPD16_eabi.lib : memset_t2.asm.obj (.text)
                  00015772    00000002     --HOLE-- [fill = 0]
                  00015774    00000078     drivers_msp432p4x1xi.aem4f : ADCBufMSP432.oem4f (.text:ADCBufMSP432_close)
                  000157ec    00000078     IR_Sensor.obj (.text:IR_Sensor_Init)
                  00015864    00000078     drivers_msp432p4x1xi.aem4f : TimerMSP432.oem4f (.text:TimerMSP432_allocateTimerResource)
                  000158dc    00000074                                : I2CMSP432.oem4f (.text:initHw)
                  00015950    00000074     sysbios.aem4f : BIOS.obj (.text:ti_sysbios_knl_Clock_walkQueueDynamic__E)
                  000159c4    00000004     release_pem4f.oem4f (.text:ti_sysbios_heaps_HeapMem_Module_GateProxy_leave__E)
                  000159c8    00000070     sysbios.aem4f : BIOS.obj (.text:_pthread_runStub)
                  00015a38    00000070     drivers_msp432p4x1xi.aem4f : ADCBufMSP432.oem4f (.text:configDMA)
                  00015aa8    00000070     sysbios.aem4f : BIOS.obj (.text:ti_sysbios_heaps_HeapMem_initPrimary__I)
                  00015b18    0000006e     rtsv7M4_T_le_v4SPD16_eabi.lib : fd_tos_t2.asm.obj (.text)
                  00015b86    0000006e                                   : ll_div_t2.asm.obj (.text)
                  00015bf4    0000006c     msp432p4xx_driverlib.lib : i2c.o (.text:I2C_masterSendMultiByteFinish)
                  00015c60    0000006c     IMU_Task.obj (.text:gpioButtonFxn1)
                  00015ccc    00000004     release_pem4f.oem4f (.text:ti_sysbios_knl_Clock_TimerProxy_getCurrentTick__E)
                  00015cd0    0000006c     sysbios.aem4f : BIOS.obj (.text:ti_sysbios_knl_Swi_restoreHwi__E)
                  00015d3c    0000006a     drivers_msp432p4x1xi.aem4f : I2CMSP432.oem4f (.text:I2CMSP432_close)
                  00015da6    00000002     --HOLE-- [fill = 0]
                  00015da8    00000068                                : ADCBufMSP432.oem4f (.text:ADCBufMSP432_convert)
                  00015e10    00000068                                : GPIOMSP432.oem4f (.text:GPIO_hwiIntFxn)
                  00015e78    00000068     rtsv7M4_T_le_v4SPD16_eabi.lib : copy_decompress_lzss.c.obj (.text:decompress:lzss:__TI_decompress_lzss)
                  00015ee0    00000068     ext_flash.obj (.text:extFlashVerifyPart)
                  00015f48    00000068     sysbios.aem4f : BIOS.obj (.text:ti_sysbios_knl_Clock_startI__E)
                  00015fb0    00000066     drivers_msp432p4x1xi.aem4f : ADCBufMSP432.oem4f (.text:completeDMAConversion)
                  00016016    00000002     --HOLE-- [fill = 0]
                  00016018    00000066     sysbios.aem4f : BIOS.obj (.text:xdc_runtime_Core_deleteObject__I)
                  0001607e    00000002     --HOLE-- [fill = 0]
                  00016080    00000064     drivers_msp432p4x1xi.aem4f : PowerMSP432.oem4f (.text:PowerMSP432_getFreqs)
                  000160e4    00000064                                : SPIMSP432DMA.oem4f (.text:SPIMSP432DMA_close)
                  00016148    00000064                                : ADCBufMSP432.oem4f (.text:completeConversion)
                  000161ac    00000004     release_pem4f.oem4f (.text:ti_sysbios_knl_Clock_TimerProxy_getMaxTicks__E)
                  000161b0    00000064     sysbios.aem4f : BIOS.obj (.text:pthread_exit)
                  00016214    00000004     release_pem4f.oem4f (.text:ti_sysbios_knl_Clock_TimerProxy_setNextTick__E)
                  00016218    00000064     sysbios.aem4f : BIOS.obj (.text:ti_sysbios_family_arm_m3_Hwi_dispatchC__I)
                  0001627c    00000060     inv_mpu.obj (.text:mpu_get_accel_fsr)
                  000162dc    00000004     release_pem4f.oem4f (.text:ti_sysbios_knl_Semaphore_delete)
                  000162e0    00000060     sysbios.aem4f : BIOS.obj (.text:ti_sysbios_family_arm_msp432_Timer_setNextTick__E)
                  00016340    00000060                   : BIOS.obj (.text:ti_sysbios_knl_Semaphore_post__E)
                  000163a0    00000060                   : BIOS.obj (.text:ti_sysbios_knl_Swi_run__I)
                  00016400    0000005e     msp432p4xx_driverlib.lib : pcm.o (.text:PCM_getCoreVoltageLevel)
                  0001645e    00000002     --HOLE-- [fill = 0]
                  00016460    0000005c     drivers_msp432p4x1xi.aem4f : GPIOMSP432.oem4f (.text:GPIO_write)
                  000164bc    00000004     release_pem4f.oem4f (.text:ti_sysbios_knl_Task_delete)
                  000164c0    0000005c     sysbios.aem4f : BIOS.obj (.text:ti_sysbios_family_arm_msp432_Timer_getCurrentTick__E)
                  0001651c    00000004     release_pem4f.oem4f (.text:xdc_runtime_System_Module_GateProxy_enter__E)
                  00016520    0000005c     sysbios.aem4f : BIOS.obj (.text:ti_sysbios_knl_Swi_schedule__I)
                  0001657c    00000004     release_pem4f.oem4f (.text:xdc_runtime_System_Module_GateProxy_leave__E)
                  00016580    0000005c     sysbios.aem4f : BIOS.obj (.text:ti_sysbios_knl_Task_unblockI__E)
                  000165dc    00000004     --HOLE-- [fill = 0]
                  000165e0    0000005c                   : BIOS.obj (.text:xdc_runtime_Startup_exec__E)
                  0001663c    0000005a     msp432p4xx_driverlib.lib : pcm.o (.text:PCM_getPowerMode)
                  00016696    00000002     --HOLE-- [fill = 0]
                  00016698    00000058     drivers_msp432p4x1xi.aem4f : GPIOMSP432.oem4f (.text:GPIO_setCallback)
                  000166f0    00000058     boot.aem4f : boot.oem4f (.text)
                  00016748    00000058     inv_mpu_dmp_motion_driver.obj (.text:dmp_enable_gyro_cal)
                  000167a0    00000058     inv_mpu_dmp_motion_driver.obj (.text:dmp_set_shake_reject_thresh)
                  000167f8    00000058     inv_mpu_dmp_motion_driver.obj (.text:dmp_set_tap_axes)
                  00016850    00000058     ext_flash.obj (.text:extFlashPowerStandby)
                  000168a8    00000058     inv_mpu.obj (.text:mpu_get_gyro_fsr)
                  00016900    00000058     sysbios.aem4f : m3_Hwi_asm_switch.obj (.text:ti_sysbios_family_arm_m3_Hwi_initStacks__E)
                  00016958    00000054     drivers_msp432p4x1xi.aem4f : ADCBufMSP432.oem4f (.text:ADCBufMSP432DMA_hwiIntFxn)
                  000169ac    00000054     empty.obj (.text:CompareFloat)
                  00016a00    00000054     LevyWalkTask.obj (.text:LevyWalk_CompareFloat)
                  00016a54    00000054     msp432p4xx_driverlib.lib : pcm.o (.text:PCM_shutdownDevice)
                  00016aa8    00000054     drivers_msp432p4x1xi.aem4f : TimerMSP432.oem4f (.text:TimerMSP432_freeTimerResource)
                  00016afc    00000054                                : UDMAMSP432.oem4f (.text:UDMAMSP432_PingPongToggleBuffer)
                  00016b50    00000054                                : SPIMSP432DMA.oem4f (.text:spiHwiFxn)
                  00016ba4    00000054     release_pem4f.oem4f (.text:ti_sysbios_family_arm_m3_Hwi_create)
                  00016bf8    00000054     sysbios.aem4f : BIOS.obj (.text:ti_sysbios_family_arm_msp432_Timer_initDevice__I)
                  00016c4c    00000004     --HOLE-- [fill = 0]
                  00016c50    00000054                   : BIOS.obj (.text:xdc_runtime_Core_assignLabel__I)
                  00016ca4    00000050     dpl_msp432p4x1xi.aem4f : PowerMSP432_tirtos.oem4f (.text:PowerMSP432_sleepPolicy)
                  00016cf4    00000050     drivers_msp432p4x1xi.aem4f : UDMAMSP432.oem4f (.text:UDMAMSP432_hwiFxn)
                  00016d44    00000050     IR_Sensor.obj (.text:i2cdatatransfer_IRS)
                  00016d94    00000004     --HOLE-- [fill = 0]
                  00016d98    00000050     sysbios.aem4f : BIOS.obj (.text:ti_sysbios_family_arm_m3_Hwi_Module_startup__E)
                  00016de8    00000050     release_pem4f.oem4f (.text:ti_sysbios_knl_Task_create)
                  00016e38    0000004c     LevyWalkTask.obj (.text:LevyWalk_DotProduct)
                  00016e84    0000004c     empty.obj (.text:Writedatatomemory)
                  00016ed0    0000004c     rtsv7M4_T_le_v4SPD16_eabi.lib : cpy_tbl.c.obj (.text:copy_in)
                  00016f1c    00000004     --HOLE-- [fill = 0]
                  00016f20    0000004c     sysbios.aem4f : BIOS.obj (.text:ti_sysbios_family_arm_msp432_Timer_postInit__I)
                  00016f6c    00000004     --HOLE-- [fill = 0]
                  00016f70    0000004c                   : BIOS.obj (.text:ti_sysbios_family_arm_msp432_Timer_start__E)
                  00016fbc    00000004     --HOLE-- [fill = 0]
                  00016fc0    0000004c                   : BIOS.obj (.text:ti_sysbios_heaps_HeapMem_getStats__E)
                  0001700c    00000004     --HOLE-- [fill = 0]
                  00017010    0000004c                   : BIOS.obj (.text:ti_sysbios_knl_Swi_runLoop__I)
                  0001705c    00000004     --HOLE-- [fill = 0]
                  00017060    0000004c                   : BIOS.obj (.text:ti_sysbios_knl_Task_allBlockedFunction__I)
                  000170ac    00000048     DACDriver.obj (.text:DAC_Set_Floating_All)
                  000170f4    00000048     drivers_msp432p4x1xi.aem4f : PowerMSP432.oem4f (.text:Power_releaseConstraint)
                  0001713c    00000048     DACDriver.obj (.text:Spi_Dac_Transfer)
                  00017184    00000048     ext_flash.obj (.text:extFlashWaitReady)
                  000171cc    00000048     rtsv7M4_T_le_v4SPD16_eabi.lib : fd_toi_t2.asm.obj (.text)
                  00017214    00000004     --HOLE-- [fill = 0]
                  00017218    00000048     sysbios.aem4f : BIOS.obj (.text:ti_sysbios_family_arm_m3_Hwi_disableInterrupt__E)
                  00017260    00000048                   : BIOS.obj (.text:ti_sysbios_family_arm_m3_Hwi_enableInterrupt__E)
                  000172a8    00000048                   : BIOS.obj (.text:ti_sysbios_knl_Mailbox_Module_startup__E)
                  000172f0    00000048                   : BIOS.obj (.text:xdc_runtime_Core_assignParams__I)
                  00017338    00000046     drivers_msp432p4x1xi.aem4f : ADCBufMSP432.oem4f (.text:ADCBufMSP432_convertAdjustedToMicroVolts)
                  0001737e    00000002     --HOLE-- [fill = 0]
                  00017380    00000044                                : ADCBufMSP432.oem4f (.text:ADCBufMSP432_init)
                  000173c4    00000044                                : ADCBuf.oem4f (.text:ADCBuf_init)
                  00017408    00000044                                : I2C.oem4f (.text:I2C_init)
                  0001744c    00000044                                : SPI.oem4f (.text:SPI_init)
                  00017490    00000044                                : I2CMSP432.oem4f (.text:perfChangeNotifyFxn)
                  000174d4    00000004     --HOLE-- [fill = 0]
                  000174d8    00000044     sysbios.aem4f : BIOS.obj (.text:ti_sysbios_family_arm_m3_Hwi_getStackInfo__E)
                  0001751c    00000004     --HOLE-- [fill = 0]
                  00017520    00000044                   : BIOS.obj (.text:ti_sysbios_family_arm_msp432_Seconds_Module_startup__E)
                  00017564    00000004     --HOLE-- [fill = 0]
                  00017568    00000044                   : BIOS.obj (.text:ti_sysbios_knl_Swi_post__E)
                  000175ac    00000004     --HOLE-- [fill = 0]
                  000175b0    00000044                   : BIOS.obj (.text:xdc_runtime_System_atexit__E)
                  000175f4    00000042     inv_mpu_dmp_motion_driver.obj (.text:dmp_enable_6x_lp_quat)
                  00017636    00000042     inv_mpu_dmp_motion_driver.obj (.text:dmp_enable_lp_quat)
                  00017678    00000040     dpl_msp432p4x1xi.aem4f : HwiP_tirtos.oem4f (.text:HwiP_create)
                  000176b8    00000040     LevyWalkTask.obj (.text:LevyWalk_Steering)
                  000176f8    00000040     msp432p4xx_driverlib.lib : spi.o (.text:is_A_Module)
                  00017738    00000040     sysbios.aem4f : BIOS.obj (.text:ti_sysbios_family_arm_msp432_Timer_Module_startup__E)
                  00017778    00000040                   : BIOS.obj (.text:ti_sysbios_family_arm_msp432_Timer_startup__E)
                  000177b8    00000040                   : BIOS.obj (.text:ti_sysbios_heaps_HeapMem_Instance_init__E)
                  000177f8    00000040                   : BIOS.obj (.text:ti_sysbios_knl_Clock_Instance_init__E)
                  00017838    0000003e     drivers_msp432p4x1xi.aem4f : I2CMSP432.oem4f (.text:completeTransfer)
                  00017876    0000003e     inv_mpu_dmp_motion_driver.obj (.text:dmp_set_tap_count)
                  000178b4    0000003c     drivers_msp432p4x1xi.aem4f : ADCBuf.oem4f (.text:ADCBuf_open)
                  000178f0    0000003c                                : I2C.oem4f (.text:I2C_open)
                  0001792c    0000003c     LevyWalkTask.obj (.text:LevyWalk_CrossProduct)
                  00017968    0000003c     drivers_msp432p4x1xi.aem4f : SPI.oem4f (.text:SPI_open)
                  000179a4    0000003c     dpl_msp432p4x1xi.aem4f : SemaphoreP_tirtos.oem4f (.text:SemaphoreP_create)
                  000179e0    0000003c     IMU_Task.obj (.text:inv_orientation_matrix_to_scalar)
                  00017a1c    00000004     --HOLE-- [fill = 0]
                  00017a20    0000003c     sysbios.aem4f : BIOS.obj (.text:ti_sysbios_family_arm_m3_Hwi_Instance_finalize__E)
                  00017a5c    0000003c     release_pem4f.oem4f (.text:ti_sysbios_knl_Clock_create)
                  00017a98    0000003c     sysbios.aem4f : BIOS.obj (.text:ti_sysbios_knl_Swi_restore__E)
                  00017ad4    00000004     --HOLE-- [fill = 0]
                  00017ad8    0000003c                   : BIOS.obj (.text:xdc_runtime_System_processAtExit__E)
                  00017b14    0000003a     inv_mpu_dmp_motion_driver.obj (.text:dmp_set_shake_reject_time)
                  00017b4e    0000003a     inv_mpu_dmp_motion_driver.obj (.text:dmp_set_shake_reject_timeout)
                  00017b88    00000038     AnalogTask.obj (.text:AnalogTaskCreate)
                  00017bc0    00000038     drivers_msp432p4x1xi.aem4f : GPIOMSP432.oem4f (.text:GPIO_toggle)
                  00017bf8    00000038     IRSensorTask.obj (.text:IRSensorTaskCreate)
                  00017c30    00000038     LevyWalkTask.obj (.text:LevyWalkTaskCreation)
                  00017c68    00000038     drivers_msp432p4x1xi.aem4f : PowerMSP432.oem4f (.text:Power_setConstraint)
                  00017ca0    00000038     empty.obj (.text:Readdatafrommemoryatsector)
                  00017cd8    00000038     empty.obj (.text:SpiCallbackfn_ble)
                  00017d10    00000038     StimulationTask.obj (.text:StimulationTaskCreation)
                  00017d48    00000038     inv_mpu_dmp_motion_driver.obj (.text:dmp_set_tap_time)
                  00017d80    00000038     inv_mpu_dmp_motion_driver.obj (.text:dmp_set_tap_time_multi)
                  00017db8    00000038     ext_flash.obj (.text:extFlashReadInfo)
                  00017df0    00000038     drivers_msp432p4x1xi.aem4f : PowerMSP432.oem4f (.text:notify)
                  00017e28    00000038     rtsv7M4_T_le_v4SPD16_eabi.lib : fs_tod_t2.asm.obj (.text)
                  00017e60    00000034     drivers_msp432p4x1xi.aem4f : GPIOMSP432.oem4f (.text:GPIO_enableInt)
                  00017e94    00000034     LevyWalkTask.obj (.text:LevyWalk_Stimulation)
                  00017ec8    00000034     ext_flash.obj (.text:extFlashWriteEnable)
                  00017efc    00000034     release_pem4f.oem4f (.text:ti_sysbios_knl_Semaphore_create)
                  00017f30    00000032     ext_flash.obj (.text:extFlashPowerDown)
                  00017f62    00000032     ext_flash.obj (.text:extFlashWaitPowerDown)
                  00017f94    00000004     --HOLE-- [fill = 0]
                  00017f98    00000032     sysbios.aem4f : BIOS.obj (.text:ti_sysbios_hal_Hwi_initStack)
                  00017fca    00000006     drivers_msp432p4x1xi.aem4f : ADCBufMSP432.oem4f (.text:ADCBufMSP432_adjustRawValues)
                  00017fd0    00000032     sysbios.aem4f : BIOS.obj (.text:ti_sysbios_knl_Semaphore_pendTimeout__I)
                  00018002    00000030     drivers_msp432p4x1xi.aem4f : ADCBufMSP432.oem4f (.text:ADCBufMSP432_convertCancel)
                  00018032    00000030     Ambient_Sensor.obj (.text:__isnanf)
                  00018062    00000002     --HOLE-- [fill = 0]
                  00018064    00000030     drivers_msp432p4x1xi.aem4f : I2CMSP432.oem4f (.text:mapPin)
                  00018094    00000030                                : SPIMSP432DMA.oem4f (.text:mapPin)
                  000180c4    00000004     --HOLE-- [fill = 0]
                  000180c8    00000030     sysbios.aem4f : BIOS.obj (.text:pthread_setcancelstate)
                  000180f8    00000030     release_pem4f.oem4f (.text:ti_sysbios_BIOS_atExitFunc__I)
                  00018128    00000030     release_pem4f.oem4f (.text:ti_sysbios_BIOS_startFunc__I)
                  00018158    00000030     sysbios.aem4f : BIOS.obj (.text:ti_sysbios_family_arm_m3_TaskSupport_start__E)
                  00018188    00000030     release_pem4f.oem4f (.text:ti_sysbios_gates_GateHwi_Object__create__S)
                  000181b8    00000030     release_pem4f.oem4f (.text:ti_sysbios_gates_GateMutex_Object__create__S)
                  000181e8    00000030     sysbios.aem4f : BIOS.obj (.text:ti_sysbios_gates_GateMutex_enter__E)
                  00018218    00000030     release_pem4f.oem4f (.text:ti_sysbios_heaps_HeapMem_Object__create__S)
                  00018248    00000030     release_pem4f.oem4f (.text:ti_sysbios_knl_Clock_construct)
                  00018278    00000030     sysbios.aem4f : BIOS.obj (.text:ti_sysbios_knl_Mailbox_postInit__I)
                  000182a8    00000030     release_pem4f.oem4f (.text:ti_sysbios_knl_Semaphore_construct)
                  000182d8    00000030     sysbios.aem4f : BIOS.obj (.text:ti_sysbios_knl_Task_processVitalTaskFlag__I)
                  00018308    0000002e     empty.obj (.text:Num2textbyte)
                  00018336    0000002e     rtsv7M4_T_le_v4SPD16_eabi.lib : i_tofd_t2.asm.obj (.text)
                  00018364    0000002c     IR_Sensor.obj (.text:DelayMsClock_IRS)
                  00018390    0000002c     dpl_msp432p4x1xi.aem4f : PowerMSP432_tirtos.oem4f (.text:PowerMSP432_updateFreqs)
                  000183bc    0000002c     msp432p4xx_driverlib.lib : rtc_c.o (.text:RTC_C_holdClock)
                  000183e8    0000002c     dpl_msp432p4x1xi.aem4f : SemaphoreP_tirtos.oem4f (.text:SemaphoreP_createBinary)
                  00018414    00000004     --HOLE-- [fill = 0]
                  00018418    0000002c     sysbios.aem4f : BIOS.obj (.text:_pthread_cleanupFxn)
                  00018444    00000004     --HOLE-- [fill = 0]
                  00018448    0000002c                   : BIOS.obj (.text:_pthread_delete$43)
                  00018474    0000002c     IMU_Task.obj (.text:delay_ms)
                  000184a0    0000002c     release_pem4f.oem4f (.text:ti_sysbios_knl_Queue_construct)
                  000184cc    00000004     --HOLE-- [fill = 0]
                  000184d0    0000002c     sysbios.aem4f : BIOS.obj (.text:ti_sysbios_knl_Task_restore__E)
                  000184fc    0000002a     drivers_msp432p4x1xi.aem4f : SPIMSP432DMA.oem4f (.text:perfChangeNotifyFxn)
                  00018526    00000002     --HOLE-- [fill = 0]
                  00018528    00000028     msp432p4xx_driverlib.lib : pcm.o (.text:PCM_gotoLPM0)
                  00018550    00000028     drivers_msp432p4x1xi.aem4f : PowerMSP432.oem4f (.text:Power_registerNotify)
                  00018578    00000028     msp432p4xx_driverlib.lib : spi.o (.text:SPI_getInterruptStatus)
                  000185a0    00000028     Ambient_Sensor.obj (.text:__isinff)
                  000185c8    00000028     drivers_msp432p4x1xi.aem4f : PowerMSP432.oem4f (.text:disableFaultCounter)
                  000185f0    00000028                                : PowerMSP432.oem4f (.text:disableHFXT)
                  00018618    00000028     inv_mpu.obj (.text:mpu_get_sample_rate)
                  00018640    00000028     sysbios.aem4f : BIOS.obj (.text:ti_sysbios_knl_Clock_addI__E)
                  00018668    00000028                   : BIOS.obj (.text:ti_sysbios_knl_Swi_Module_startup__E)
                  00018690    00000026     drivers_msp432p4x1xi.aem4f : List.oem4f (.text:List_put)
                  000186b6    00000026                                : List.oem4f (.text:List_remove)
                  000186dc    00000026     sysbios.aem4f : m3_Hwi_asm.obj (.text:ti_sysbios_family_arm_m3_Hwi_pendSV__I)
                  00018702    00000002     --HOLE-- [fill = 0]
                  00018704    00000024     msp432p4xx_driverlib.lib : wdt_a.o (.text:WDT_A_holdTimer)
                  00018728    00000024     IMU_Task.obj (.text:i2ccallbackFxn)
                  0001874c    00000024     rtsv7M4_T_le_v4SPD16_eabi.lib : memcmp.c.obj (.text:memcmp)
                  00018770    00000024     sysbios.aem4f : BIOS.obj (.text:pthread_attr_init)
                  00018794    00000024     release_pem4f.oem4f (.text:ti_sysbios_BIOS_registerRTSLock__I)
                  000187b8    00000024     release_pem4f.oem4f (.text:ti_sysbios_BIOS_removeRTSLock__I)
                  000187dc    00000004     --HOLE-- [fill = 0]
                  000187e0    00000024     sysbios.aem4f : BIOS.obj (.text:ti_sysbios_family_arm_msp432_ClockFreqs_setFrequency__E)
                  00018804    00000024     release_pem4f.oem4f (.text:ti_sysbios_gates_GateMutex_Object__delete__S)
                  00018828    00000024     sysbios.aem4f : BIOS.obj (.text:ti_sysbios_knl_Clock_Module_startup__E)
                  0001884c    00000004     --HOLE-- [fill = 0]
                  00018850    00000024                   : BIOS.obj (.text:ti_sysbios_knl_Semaphore_Instance_init__E)
                  00018874    00000024     release_pem4f.oem4f (.text:ti_sysbios_knl_Semaphore_Object__delete__S)
                  00018898    00000024     sysbios.aem4f : BIOS.obj (.text:ti_sysbios_knl_Task_restoreHwi__E)
                  000188bc    00000004     --HOLE-- [fill = 0]
                  000188c0    00000024                   : BIOS.obj (.text:xdc_runtime_Error_policyMin__E)
                  000188e4    00000004     --HOLE-- [fill = 0]
                  000188e8    00000024                   : BIOS.obj (.text:xdc_runtime_System_abort__E)
                  0001890c    00000020     msp432p4xx_driverlib.lib : cs.o (.text:CS_setExternalClockSourceFrequency)
                  0001892c    00000020     IMU_Task.obj (.text:ClockExpired_IMU)
                  0001894c    00000020     drivers_msp432p4x1xi.aem4f : PowerMSP432.oem4f (.text:Power_unregisterNotify)
                  0001896c    00000004     --HOLE-- [fill = 0]
                  00018970    00000020     sysbios.aem4f : BIOS.obj (.text:sleep)
                  00018990    00000020     release_pem4f.oem4f (.text:ti_sysbios_BIOS_rtsLock__I)
                  000189b0    00000020     release_pem4f.oem4f (.text:ti_sysbios_family_arm_m3_Hwi_Object__delete__S)
                  000189d0    00000020     sysbios.aem4f : BIOS.obj (.text:ti_sysbios_family_arm_m3_Hwi_clearInterrupt__E)
                  000189f0    00000020                   : m3_Hwi_asm.obj (.text:ti_sysbios_family_arm_m3_Hwi_excHandlerAsm__I)
                  00018a10    00000020                   : BIOS.obj (.text:ti_sysbios_family_arm_m3_Hwi_excHandler__I)
                  00018a30    00000020     release_pem4f.oem4f (.text:ti_sysbios_gates_GateHwi_Object__delete__S)
                  00018a50    00000020     release_pem4f.oem4f (.text:ti_sysbios_heaps_HeapMem_Object__delete__S)
                  00018a70    00000020     sysbios.aem4f : BIOS.obj (.text:ti_sysbios_knl_Clock_getTicks__E)
                  00018a90    00000020                   : BIOS.obj (.text:ti_sysbios_knl_Idle_run__E)
                  00018ab0    00000020     release_pem4f.oem4f (.text:ti_sysbios_knl_Semaphore_destruct)
                  00018ad0    00000020     release_pem4f.oem4f (.text:ti_sysbios_knl_Task_Object__delete__S)
                  00018af0    0000001e     sysbios.aem4f : m3_Hwi_asm_switch.obj (.text:ti_sysbios_family_xxx_Hwi_switchAndRunFunc)
                  00018b0e    00000002     --HOLE-- [fill = 0]
                  00018b10    0000001c     IRSensorTask.obj (.text:PeriodicClockExpired_IR)
                  00018b2c    0000001c     Board.obj (.text:dmaErrorHwi)
                  00018b48    0000001c     sysbios.aem4f : BIOS.obj (.text:ti_sysbios_gates_GateMutex_Instance_init__E)
                  00018b64    00000004     --HOLE-- [fill = 0]
                  00018b68    0000001c                   : BIOS.obj (.text:ti_sysbios_knl_Clock_scheduleNextTick__E)
                  00018b84    0000001c     release_pem4f.oem4f (.text:ti_sysbios_knl_Queue_destruct)
                  00018ba0    0000001c     sysbios.aem4f : BIOS.obj (.text:ti_sysbios_knl_Queue_put__E)
                  00018bbc    00000004     --HOLE-- [fill = 0]
                  00018bc0    0000001c                   : BIOS.obj (.text:ti_sysbios_knl_Task_enter__I)
                  00018bdc    00000004     --HOLE-- [fill = 0]
                  00018be0    0000001c                   : BIOS.obj (.text:xdc_runtime_Memory_valloc__E)
                  00018bfc    0000001a     IR_Sensor.obj (.text:callbackFxn_IRS)
                  00018c16    0000001a     ext_flash.obj (.text:extFlashTest)
                  00018c30    0000001a     sysbios.aem4f : BIOS.obj (.text:ti_sysbios_knl_Task_sleepTimeout__I)
                  00018c4a    00000018     msp432p4xx_driverlib.lib : spi.o (.text:EUSCI_A_SPI_getInterruptStatus)
                  00018c62    00000018                              : spi.o (.text:EUSCI_B_SPI_getInterruptStatus)
                  00018c7a    00000002     --HOLE-- [fill = 0]
                  00018c7c    00000018     LevyWalkTask.obj (.text:LevyWalk_StopStimulus)
                  00018c94    00000018     msp432p4xx_driverlib.lib : sysctl_a.o (.text:SysCtl_A_disableNMISource)
                  00018cac    00000018                              : sysctl_a.o (.text:SysCtl_A_enableNMISource)
                  00018cc4    00000018     rtsv7M4_T_le_v4SPD16_eabi.lib : args_main.c.obj (.text:_args_main)
                  00018cdc    00000018     inv_mpu_dmp_motion_driver.obj (.text:dmp_load_motion_driver_firmware)
                  00018cf4    00000018     inv_mpu_dmp_motion_driver.obj (.text:dmp_register_tap_cb)
                  00018d0c    00000018     ext_flash.obj (.text:extFlashClose)
                  00018d24    00000018     IMU_Task.obj (.text:get_ms)
                  00018d3c    00000018     inv_mpu.obj (.text:mpu_get_fifo_config)
                  00018d54    00000018     release_pem4f.oem4f (.text:ti_sysbios_BIOS_rtsUnlock__I)
                  00018d6c    00000018     release_pem4f.oem4f (.text:ti_sysbios_family_arm_m3_Hwi_Module__startupDone__F)
                  00018d84    00000018     sysbios.aem4f : m3_TaskSupport_asm.obj (.text:ti_sysbios_family_arm_m3_TaskSupport_swap__E)
                  00018d9c    00000018     release_pem4f.oem4f (.text:ti_sysbios_family_arm_msp432_Timer_Module__startupDone__F)
                  00018db4    00000018     release_pem4f.oem4f (.text:ti_sysbios_gates_GateHwi_Handle__label__S)
                  00018dcc    00000018     release_pem4f.oem4f (.text:ti_sysbios_gates_GateMutex_Handle__label__S)
                  00018de4    00000004     --HOLE-- [fill = 0]
                  00018de8    00000018     sysbios.aem4f : BIOS.obj (.text:ti_sysbios_gates_GateMutex_leave__E)
                  00018e00    00000018     release_pem4f.oem4f (.text:ti_sysbios_heaps_HeapMem_Handle__label__S)
                  00018e18    00000018     sysbios.aem4f : BIOS.obj (.text:ti_sysbios_knl_Task_unblock__E)
                  00018e30    00000018                   : BIOS.obj (.text:ti_sysbios_rts_ti_ReentSupport_getReent__F)
                  00018e48    00000018     release_pem4f.oem4f (.text:ti_sysbios_rts_ti_ReentSupport_getTlsAddr__I)
                  00018e60    00000018     sysbios.aem4f : BIOS.obj (.text:xdc_runtime_Error_init__E)
                  00018e78    00000018                   : BIOS.obj (.text:xdc_runtime_System_exit__E)
                  00018e90    00000016     release_pem4f.oem4f (.text:ti_sysbios_BIOS_exitFunc__I)
                  00018ea6    00000016     IMU_Task.obj (.text:ti_sysbios_knl_Clock_Params_init)
                  00018ebc    00000016     IRSensorTask.obj (.text:ti_sysbios_knl_Clock_Params_init)
                  00018ed2    00000016     IR_Sensor.obj (.text:ti_sysbios_knl_Clock_Params_init)
                  00018ee8    00000016     StimulationTask.obj (.text:ti_sysbios_knl_Clock_Params_init)
                  00018efe    00000002     --HOLE-- [fill = 0]
                  00018f00    00000016     sysbios.aem4f : BIOS.obj (.text:ti_sysbios_knl_Clock_start__E)
                  00018f16    00000016     AnalogTask.obj (.text:ti_sysbios_knl_Semaphore_Params_init)
                  00018f2c    00000016     DACDriver.obj (.text:ti_sysbios_knl_Semaphore_Params_init)
                  00018f42    00000016     IMU_Task.obj (.text:ti_sysbios_knl_Semaphore_Params_init)
                  00018f58    00000016     IRSensorTask.obj (.text:ti_sysbios_knl_Semaphore_Params_init)
                  00018f6e    00000016     IR_Sensor.obj (.text:ti_sysbios_knl_Semaphore_Params_init)
                  00018f84    00000016     LevyWalkTask.obj (.text:ti_sysbios_knl_Semaphore_Params_init)
                  00018f9a    00000016     StimulationTask.obj (.text:ti_sysbios_knl_Semaphore_Params_init)
                  00018fb0    00000016     empty.obj (.text:ti_sysbios_knl_Semaphore_Params_init)
                  00018fc6    00000016     AnalogTask.obj (.text:ti_sysbios_knl_Task_Params_init)
                  00018fdc    00000016     IRSensorTask.obj (.text:ti_sysbios_knl_Task_Params_init)
                  00018ff2    00000016     LevyWalkTask.obj (.text:ti_sysbios_knl_Task_Params_init)
                  00019008    00000016     StimulationTask.obj (.text:ti_sysbios_knl_Task_Params_init)
                  0001901e    00000016     main_tirtos.obj (.text:ti_sysbios_knl_Task_Params_init)
                  00019034    00000014     drivers_msp432p4x1xi.aem4f : ADCBuf.oem4f (.text:ADCBuf_Params_init)
                  00019048    00000014     IR_Sensor.obj (.text:ClockExpired_IRS)
                  0001905c    00000014     msp432p4xx_driverlib.lib : pcm.o (.text:PCM_getPowerState)
                  00019070    00000014     drivers_msp432p4x1xi.aem4f : PowerMSP432.oem4f (.text:Power_idleFunc)
                  00019084    00000014                                : SPI.oem4f (.text:SPI_Params_init)
                  00019098    00000014     rtsv7M4_T_le_v4SPD16_eabi.lib : s_copysign.c.obj (.text:copysign)
                  000190ac    00000004     --HOLE-- [fill = 0]
                  000190b0    00000014     sysbios.aem4f : BIOS.obj (.text:pthread_attr_setschedparam)
                  000190c4    00000014     release_pem4f.oem4f (.text:ti_sysbios_family_arm_m3_Hwi_Object__get__S)
                  000190d8    00000014     sysbios.aem4f : BIOS.obj (.text:ti_sysbios_family_arm_m3_Hwi_switchFromBootStack__E)
                  000190ec    00000014     release_pem4f.oem4f (.text:ti_sysbios_heaps_HeapMem_Object__get__S)
                  00019100    00000014     release_pem4f.oem4f (.text:ti_sysbios_knl_Clock_doTick__I)
                  00019114    00000014     release_pem4f.oem4f (.text:ti_sysbios_knl_Swi_Object__get__S)
                  00019128    00000012     dpl_msp432p4x1xi.aem4f : SemaphoreP_tirtos.oem4f (.text:SemaphoreP_pend)
                  0001913a    00000006     drivers_msp432p4x1xi.aem4f : I2CMSP432.oem4f (.text:I2CMSP432_control)
                  00019140    00000012     sysbios.aem4f : BIOS.obj (.text:_pthread_cleanup_pop)
                  00019152    00000006     drivers_msp432p4x1xi.aem4f : SPIMSP432DMA.oem4f (.text:SPIMSP432DMA_control)
                  00019158    00000012     sysbios.aem4f : BIOS.obj (.text:ti_sysbios_hal_Hwi_Module_startup__E)
                  0001916a    00000012     release_pem4f.oem4f (.text:xdc_runtime_Startup_exec__I)
                  0001917c    00000010     dpl_msp432p4x1xi.aem4f : HwiP_tirtos.oem4f (.text:HwiP_Params_init)
                  0001918c    00000010     drivers_msp432p4x1xi.aem4f : I2C.oem4f (.text:I2C_Params_init)
                  0001919c    00000010     msp432p4xx_driverlib.lib : pcm.o (.text:PCM_gotoLPM4)
                  000191ac    00000010                              : pcm.o (.text:PCM_setPowerMode)
                  000191bc    00000010                              : pcm.o (.text:PCM_setPowerState)
                  000191cc    00000010     drivers_msp432p4x1xi.aem4f : PowerMSP432.oem4f (.text:PowerMSP432_getNumPerfLevels)
                  000191dc    00000010     ext_flash.obj (.text:SpiFlushMem)
                  000191ec    00000010     msp432p4xx_driverlib.lib : sysctl_a.o (.text:SysCtl_A_getNMISourceStatus)
                  000191fc    00000010     IMU_Task.obj (.text:tap_cb)
                  0001920c    00000004     --HOLE-- [fill = 0]
                  00019210    00000010     sysbios.aem4f : BIOS.obj (.text:ti_sysbios_BIOS_exit__E)
                  00019220    00000010                   : BIOS.obj (.text:ti_sysbios_BIOS_setCpuFreq__E)
                  00019230    00000010                   : BIOS.obj (.text:ti_sysbios_BIOS_setThreadType__E)
                  00019240    00000010                   : BIOS.obj (.text:ti_sysbios_BIOS_start__E)
                  00019250    00000010                   : m3_TaskSupport_asm.obj (.text:ti_sysbios_family_arm_m3_TaskSupport_glue)
                  00019260    00000010                   : BIOS.obj (.text:ti_sysbios_family_arm_msp432_init_Boot_disableWatchdog)
                  00019270    00000010                   : BIOS.obj (.text:ti_sysbios_gates_GateMutex_Instance_finalize__E)
                  00019280    00000010     release_pem4f.oem4f (.text:ti_sysbios_knl_Mailbox_Object__get__S)
                  00019290    00000010     sysbios.aem4f : BIOS.obj (.text:ti_sysbios_knl_Semaphore_Instance_finalize__E)
                  000192a0    00000010                   : BIOS.obj (.text:ti_sysbios_knl_Swi_disable__E)
                  000192b0    00000010     release_pem4f.oem4f (.text:ti_sysbios_knl_Task_Object__get__S)
                  000192c0    00000010     sysbios.aem4f : BIOS.obj (.text:ti_sysbios_knl_Task_disable__E)
                  000192d0    00000010                   : BIOS.obj (.text:xdc_runtime_Gate_leaveSystem__E)
                  000192e0    00000010                   : BIOS.obj (.text:xdc_runtime_Memory_free__E)
                  000192f0    00000010                   : BIOS.obj (.text:xdc_runtime_SysCallback_abort__E)
                  00019300    00000010                   : BIOS.obj (.text:xdc_runtime_SysCallback_exit__E)
                  00019310    0000000e     rtsv7M4_T_le_v4SPD16_eabi.lib : copy_decompress_none.c.obj (.text:decompress:none:__TI_decompress_none)
                  0001931e    00000002     --HOLE-- [fill = 0]
                  00019320    0000000e     sysbios.aem4f : BIOS.obj (.text:pthread_attr_setdetachstate)
                  0001932e    00000002     --HOLE-- [fill = 0]
                  00019330    0000000e                   : BIOS.obj (.text:ti_sysbios_knl_Idle_loop__E)
                  0001933e    0000000c     msp432p4xx_driverlib.lib : cpu.o (.text:CPU_cpsid)
                  0001934a    0000000c                              : cpu.o (.text:CPU_cpsie)
                  00019356    0000000c     dpl_msp432p4x1xi.aem4f : HwiP_tirtos.oem4f (.text:HwiP_delete)
                  00019362    00000002     --HOLE-- [fill = 0]
                  00019364    0000000c     drivers_msp432p4x1xi.aem4f : PowerMSP432.oem4f (.text:Power_getConstraintMask)
                  00019370    0000000c                                : PowerMSP432.oem4f (.text:Power_getPerformanceLevel)
                  0001937c    0000000c     dpl_msp432p4x1xi.aem4f : SemaphoreP_tirtos.oem4f (.text:SemaphoreP_delete)
                  00019388    0000000c     rtsv7M4_T_le_v4SPD16_eabi.lib : _lock.c.obj (.text:_register_lock)
                  00019394    0000000c                                   : _lock.c.obj (.text:_register_unlock)
                  000193a0    0000000c                                   : copy_zero_init.c.obj (.text:decompress:ZI:__TI_zero_init)
                  000193ac    0000000c     ext_flash.obj (.text:extFlashDeselect)
                  000193b8    0000000c     ext_flash.obj (.text:extFlashSelect)
                  000193c4    0000000c     release_pem4f.oem4f (.text:ti_sysbios_family_arm_m3_Hwi_Params__init__S)
                  000193d0    0000000c     sysbios.aem4f : BIOS.obj (.text:ti_sysbios_family_arm_m3_Hwi_disableFxn__E)
                  000193dc    00000004     --HOLE-- [fill = 0]
                  000193e0    0000000c                   : BIOS.obj (.text:ti_sysbios_family_arm_m3_TaskSupport_getStackAlignment__E)
                  000193ec    00000004     --HOLE-- [fill = 0]
                  000193f0    0000000c                   : BIOS.obj (.text:ti_sysbios_family_arm_msp432_Timer_getMaxTicks__E)
                  000193fc    00000004     --HOLE-- [fill = 0]
                  00019400    0000000c                   : BIOS.obj (.text:ti_sysbios_gates_GateHwi_enter__E)
                  0001940c    0000000c     release_pem4f.oem4f (.text:ti_sysbios_knl_Clock_Params__init__S)
                  00019418    0000000c     IR_Sensor.obj (.text:ti_sysbios_knl_Clock_handle)
                  00019424    0000000c     release_pem4f.oem4f (.text:ti_sysbios_knl_Queue_Object__get__S)
                  00019430    0000000c     release_pem4f.oem4f (.text:ti_sysbios_knl_Semaphore_Params__init__S)
                  0001943c    0000000c     AnalogTask.obj (.text:ti_sysbios_knl_Semaphore_handle)
                  00019448    0000000c     DACDriver.obj (.text:ti_sysbios_knl_Semaphore_handle)
                  00019454    0000000c     IRSensorTask.obj (.text:ti_sysbios_knl_Semaphore_handle)
                  00019460    0000000c     IR_Sensor.obj (.text:ti_sysbios_knl_Semaphore_handle)
                  0001946c    0000000c     LevyWalkTask.obj (.text:ti_sysbios_knl_Semaphore_handle)
                  00019478    0000000c     StimulationTask.obj (.text:ti_sysbios_knl_Semaphore_handle)
                  00019484    0000000c     empty.obj (.text:ti_sysbios_knl_Semaphore_handle)
                  00019490    0000000c     release_pem4f.oem4f (.text:ti_sysbios_knl_Task_Params__init__S)
                  0001949c    00000004     --HOLE-- [fill = 0]
                  000194a0    0000000c     sysbios.aem4f : BIOS.obj (.text:ti_sysbios_knl_Task_self__E)
                  000194ac    00000004     --HOLE-- [fill = 0]
                  000194b0    0000000c                   : BIOS.obj (.text:ti_sysbios_rts_ti_ReentSupport_taskRegHook__I)
                  000194bc    00000004     --HOLE-- [fill = 0]
                  000194c0    0000000c                   : BIOS.obj (.text:xdc_runtime_Gate_enterSystem__E)
                  000194cc    00000004     --HOLE-- [fill = 0]
                  000194d0    0000000c                   : BIOS.obj (.text:xdc_runtime_Startup_rtsDone__E)
                  000194dc    0000000a     drivers_msp432p4x1xi.aem4f : ADCBuf.oem4f (.text:ADCBuf_convert)
                  000194e6    0000000a                                : ADCBuf.oem4f (.text:ADCBuf_convertCancel)
                  000194f0    0000000a                                : I2C.oem4f (.text:I2C_transfer)
                  000194fa    0000000a                                : SPI.oem4f (.text:SPI_close)
                  00019504    0000000a                                : SPI.oem4f (.text:SPI_transfer)
                  0001950e    0000000a                                : SPI.oem4f (.text:SPI_transferCancel)
                  00019518    0000000a     release_pem4f.oem4f (.text:xdc_runtime_IHeap_alloc)
                  00019522    0000000a     release_pem4f.oem4f (.text:xdc_runtime_IHeap_free)
                  0001952c    00000008     Board.obj (.text:MSP_EXP432P401R_initGeneral)
                  00019534    00000008     dpl_msp432p4x1xi.aem4f : SemaphoreP_tirtos.oem4f (.text:SemaphoreP_Params_init)
                  0001953c    00000008     drivers_msp432p4x1xi.aem4f : ADCBufMSP432.oem4f (.text:blockingConvertCallback)
                  00019544    00000008                                : I2CMSP432.oem4f (.text:blockingTransferCallback)
                  0001954c    00000008                                : SPIMSP432DMA.oem4f (.text:blockingTransferCallback)
                  00019554    00000004     --HOLE-- [fill = 0]
                  00019558    00000008     sysbios.aem4f : BIOS.obj (.text:pthread_attr_setstacksize)
                  00019560    00000008                   : BIOS.obj (.text:ti_sysbios_family_arm_m3_Hwi_doSwiRestore__I)
                  00019568    00000008                   : BIOS.obj (.text:ti_sysbios_family_arm_m3_Hwi_startup__E)
                  00019570    00000006                   : BIOS.obj (.text:ti_sysbios_family_arm_m3_Hwi_doTaskRestore__I)
                  00019576    00000002     --HOLE-- [fill = 0]
                  00019578    00000006                   : BIOS.obj (.text:ti_sysbios_family_arm_m3_Hwi_restoreFxn__E)
                  0001957e    00000002     --HOLE-- [fill = 0]
                  00019580    00000006                   : BIOS.obj (.text:ti_sysbios_gates_GateHwi_leave__E)
                  00019586    00000002     --HOLE-- [fill = 0]
                  00019588    00000006                   : BIOS.obj (.text:ti_sysbios_heaps_HeapMem_isBlocking__E)
                  0001958e    00000002     --HOLE-- [fill = 0]
                  00019590    00000006                   : BIOS.obj (.text:ti_sysbios_knl_Queue_Instance_init__E)
                  00019596    00000002     --HOLE-- [fill = 0]
                  00019598    00000006                   : BIOS.obj (.text:ti_sysbios_knl_Swi_startup__E)
                  0001959e    00000002     --HOLE-- [fill = 0]
                  000195a0    00000006                   : BIOS.obj (.text:xdc_runtime_System_Module_startup__E)
                  000195a6    00000002     --HOLE-- [fill = 0]
                  000195a8    00000004                   : BIOS.obj (.text:__aeabi_errno_addr)
                  000195ac    00000004     --HOLE-- [fill = 0]
                  000195b0    00000004                   : BIOS.obj (.text:ti_sysbios_gates_GateHwi_query__E)
                  000195b4    00000004     --HOLE-- [fill = 0]
                  000195b8    00000004                   : BIOS.obj (.text:ti_sysbios_gates_GateMutex_query__E)
                  000195bc    00000004     --HOLE-- [fill = 0]
                  000195c0    00000004                   : BIOS.obj (.text:ti_sysbios_knl_Clock_setTimeout__E)
                  000195c4    00000004     --HOLE-- [fill = 0]
                  000195c8    00000004                   : BIOS.obj (.text:ti_sysbios_knl_Task_startup__E)
                  000195cc    00000004     --HOLE-- [fill = 0]
                  000195d0    00000002                   : BIOS.obj (.text:ti_sysbios_BIOS_linkedWithIncorrectBootLibrary__E)
                  000195d2    00000006     --HOLE-- [fill = 0]
                  000195d8    00000002                   : BIOS.obj (.text:ti_sysbios_gates_GateHwi_Instance_init__E)
                  000195da    00000006     --HOLE-- [fill = 0]
                  000195e0    00000002                   : BIOS.obj (.text:ti_sysbios_knl_Clock_logTick__E)
                  000195e2    00000006     --HOLE-- [fill = 0]
                  000195e8    00000002                   : BIOS.obj (.text:xdc_runtime_SysCallback_defaultAbort)
                  000195ea    00000006     --HOLE-- [fill = 0]
                  000195f0    00000002                   : BIOS.obj (.text:xdc_runtime_SysCallback_defaultExit)
                  000195f2    00000006     --HOLE-- [fill = 0]
                  000195f8    00000002                   : BIOS.obj (.text:xdc_runtime_System_abortSpin__E)
                  000195fa    00000006     --HOLE-- [fill = 0]
                  00019600    00000002                   : BIOS.obj (.text:xdc_runtime_System_exitSpin__E)

.const     0    00019608    000041ef     
                  00019608    00001b90     HumanDetection.obj (.const:$P$T1$2)
                  0001b198    00000bf6     inv_mpu_dmp_motion_driver.obj (.const:.string:dmp_memory)
                  0001bd8e    00000002     release_pem4f.oem4f (.const:ti_sysbios_family_arm_m3_Hwi_Module__id__C)
                  0001bd90    00000900     HumanDetection.obj (.const:$P$T0$1)
                  0001c690    0000031e     IR_Sensor.obj (.const:TempTable)
                  0001c9ae    00000200     inv_mpu.obj (.const:mpu_6500_st_tb)
                  0001cbae    00000002     release_pem4f.oem4f (.const:ti_sysbios_heaps_HeapMem_Module__id__C)
                  0001cbb0    00000158     rtsv7M4_T_le_v4SPD16_eabi.lib : k_rem_pio2.c.obj (.const:$O1$$)
                  0001cd08    00000108     data_fusion.obj (.const:$P$T0$1)
                  0001ce10    000000c4     HumanDetection.obj (.const:$P$T2$3)
                  0001ced4    00000004     StimulationTask.obj (.const:.string:$P$T0$1)
                  0001ced8    00000098     rtsv7M4_T_le_v4SPD16_eabi.lib : s_atan.c.obj (.const:$O1$$)
                  0001cf70    00000072     IR_Sensor.obj (.const:YADValues)
                  0001cfe2    00000002     release_pem4f.oem4f (.const:xdc_runtime_Memory_Module__id__C)
                  0001cfe4    0000006c     Board.obj (.const:spiMSP432DMAHWAttrs)
                  0001d050    00000048     release_pem4f.oem4f (.const:.string)
                  0001d098    0000003c     Board.obj (.const:i2cMSP432HWAttrs)
                  0001d0d4    0000003c     release_pem4f.oem4f (.const:ti_sysbios_knl_Task_Object__PARAMS__C)
                  0001d110    00000038     Board.obj (.const:PowerMSP432_config)
                  0001d148    00000030     rtsv7M4_T_le_v4SPD16_eabi.lib : e_pow.c.obj (.const:$O1$$)
                  0001d178    00000030     inv_mpu.obj (.const:test)
                  0001d1a8    00000030     release_pem4f.oem4f (.const:ti_sysbios_family_arm_m3_Hwi_Object__PARAMS__C)
                  0001d1d8    0000002a     inv_mpu.obj (.const:reg)
                  0001d202    00000002     release_pem4f.oem4f (.const:xdc_runtime_Text_charCnt__C)
                  0001d204    00000028     ext_flash.obj (.const:flashInfo)
                  0001d22c    00000028     release_pem4f.oem4f (.const:ti_sysbios_heaps_HeapMem_Module__FXNS__C)
                  0001d254    00000024     HumanDetection.obj (.const:$P$T3$4)
                  0001d278    00000024     drivers_msp432p4x1xi.aem4f : ADCBufMSP432.oem4f (.const:ADCBufMSP432_fxnTable)
                  0001d29c    00000024     Board.obj (.const:I2C_config)
                  0001d2c0    00000024     Board.obj (.const:SPI_config)
                  0001d2e4    00000024     release_pem4f.oem4f (.const:ti_sysbios_gates_GateHwi_Module__FXNS__C)
                  0001d308    00000024     release_pem4f.oem4f (.const:ti_sysbios_gates_GateMutex_Module__FXNS__C)
                  0001d32c    00000024     release_pem4f.oem4f (.const:ti_sysbios_heaps_HeapMem_Object__PARAMS__C)
                  0001d350    00000024     release_pem4f.oem4f (.const:ti_sysbios_knl_Clock_Object__PARAMS__C)
                  0001d374    00000024     release_pem4f.oem4f (.const:ti_sysbios_knl_Semaphore_Object__PARAMS__C)
                  0001d398    00000024     release_pem4f.oem4f (.const:xdc_runtime_Startup_sfxnTab__A)
                  0001d3bc    00000020     drivers_msp432p4x1xi.aem4f : SPI.oem4f (.const:SPI_defaultParams)
                  0001d3dc    00000020     release_pem4f.oem4f (.const:ti_sysbios_family_arm_m3_Hwi_Object__DESC__C)
                  0001d3fc    00000020     release_pem4f.oem4f (.const:ti_sysbios_gates_GateHwi_Object__DESC__C)
                  0001d41c    00000020     release_pem4f.oem4f (.const:ti_sysbios_gates_GateMutex_Object__DESC__C)
                  0001d43c    00000020     release_pem4f.oem4f (.const:ti_sysbios_heaps_HeapMem_Object__DESC__C)
                  0001d45c    00000020     release_pem4f.oem4f (.const:ti_sysbios_knl_Clock_Object__DESC__C)
                  0001d47c    00000020     release_pem4f.oem4f (.const:ti_sysbios_knl_Queue_Object__DESC__C)
                  0001d49c    00000020     release_pem4f.oem4f (.const:ti_sysbios_knl_Semaphore_Object__DESC__C)
                  0001d4bc    00000020     release_pem4f.oem4f (.const:ti_sysbios_knl_Task_Object__DESC__C)
                  0001d4dc    00000018     drivers_msp432p4x1xi.aem4f : ADCBufMSP432.oem4f (.const:$P$T0$1)
                  0001d4f4    00000018                                : ADCBuf.oem4f (.const:ADCBuf_defaultParams)
                  0001d50c    00000018                                : I2CMSP432.oem4f (.const:I2CMSP432_fxnTable)
                  0001d524    00000018                                : SPIMSP432DMA.oem4f (.const:SPIMSP432DMA_fxnTable)
                  0001d53c    00000018     release_pem4f.oem4f (.const:ti_sysbios_gates_GateHwi_Object__PARAMS__C)
                  0001d554    00000018     release_pem4f.oem4f (.const:ti_sysbios_gates_GateMutex_Object__PARAMS__C)
                  0001d56c    00000018     release_pem4f.oem4f (.const:ti_sysbios_knl_Queue_Object__PARAMS__C)
                  0001d584    00000018     release_pem4f.oem4f (.const:ti_sysbios_knl_Task_hooks__A)
                  0001d59c    00000014     Board.obj (.const:GPIOMSP432_config)
                  0001d5b0    00000014     Board.obj (.const:adcbufMSP432HWAttrs)
                  0001d5c4    00000012     release_pem4f.oem4f (.const:xdc_runtime_Startup_sfxnRts__A)
                  0001d5d6    00000002     release_pem4f.oem4f (.const:xdc_runtime_Text_isLoaded__C)
                  0001d5d8    00000010     drivers_msp432p4x1xi.aem4f : ADCBufMSP432.oem4f (.const:$P$T1$2)
                  0001d5e8    00000010                                : I2C.oem4f (.const:I2C_defaultParams)
                  0001d5f8    0000000e     IR_Sensor.obj (.const:XTATemps)
                  0001d606    0000000e     inv_mpu.obj (.const:hw)
                  0001d614    0000000c     LevyWalkTask.obj (.const:$P$T0$1)
                  0001d620    0000000c     LevyWalkTask.obj (.const:$P$T1$2)
                  0001d62c    0000000c     LevyWalkTask.obj (.const:$P$T4$5)
                  0001d638    0000000c     LevyWalkTask.obj (.const:$P$T5$6)
                  0001d644    0000000c     LevyWalkTask.obj (.const:$P$T6$7)
                  0001d650    0000000c     LevyWalkTask.obj (.const:$P$T7$8)
                  0001d65c    0000000c     inv_mpu_dmp_motion_driver.obj (.const:.string:$P$T4$5)
                  0001d668    0000000c     Board.obj (.const:ADCBuf_config)
                  0001d674    0000000c     IMU_Task.obj (.const)
                  0001d680    0000000c     drivers_msp432p4x1xi.aem4f : I2CMSP432.oem4f (.const:bitRates)
                  0001d68c    0000000c     Board.obj (.const:udmaMSP432HWAttrs)
                  0001d698    0000000c     release_pem4f.oem4f (.const:xdc_runtime_Startup_firstFxns__A)
                  0001d6a4    00000009     inv_mpu_dmp_motion_driver.obj (.const:.string:$P$T5$6)
                  0001d6ad    00000009     inv_mpu_dmp_motion_driver.obj (.const:.string:$P$T6$7)
                  0001d6b6    00000001     ext_flash.obj (.const:.string:$P$T1$2)
                  0001d6b7    00000001     ext_flash.obj (.const:.string:$P$T2$3)
                  0001d6b8    00000008     empty.obj (.const:$P$T0$1)
                  0001d6c0    00000008     empty.obj (.const:$P$T1$2)
                  0001d6c8    00000008     Board.obj (.const:UDMAMSP432_config)
                  0001d6d0    00000008     drivers_msp432p4x1xi.aem4f : SPIMSP432DMA.oem4f (.const:frameFormat)
                  0001d6d8    00000008     release_pem4f.oem4f (.const:ti_sysbios_knl_Idle_funcList__A)
                  0001d6e0    00000008     release_pem4f.oem4f (.const:ti_sysbios_knl_Idle_funcList__C)
                  0001d6e8    00000008     release_pem4f.oem4f (.const:ti_sysbios_knl_Task_hooks__C)
                  0001d6f0    00000008     release_pem4f.oem4f (.const:xdc_runtime_Startup_firstFxns__C)
                  0001d6f8    00000008     release_pem4f.oem4f (.const:xdc_runtime_Startup_lastFxns__C)
                  0001d700    00000006     drivers_msp432p4x1xi.aem4f : GPIOMSP432.oem4f (.const:.string:interruptType)
                  0001d706    00000006                                : GPIOMSP432.oem4f (.const:.string:portInterruptIds)
                  0001d70c    00000005     Board.obj (.const)
                  0001d711    00000004     ext_flash.obj (.const:.string:$P$T0$1)
                  0001d715    00000003     inv_mpu_dmp_motion_driver.obj (.const:.string:$P$T0$1)
                  0001d718    00000004     release_pem4f.oem4f (.const:ti_sysbios_family_arm_m3_Hwi_E_alreadyDefined__C)
                  0001d71c    00000004     release_pem4f.oem4f (.const:ti_sysbios_family_arm_m3_Hwi_NUM_INTERRUPTS__C)
                  0001d720    00000004     release_pem4f.oem4f (.const:ti_sysbios_family_arm_m3_Hwi_Object__count__C)
                  0001d724    00000004     release_pem4f.oem4f (.const:ti_sysbios_family_arm_m3_Hwi_ccr__C)
                  0001d728    00000004     release_pem4f.oem4f (.const:ti_sysbios_family_arm_m3_Hwi_excHandlerFunc__C)
                  0001d72c    00000004     release_pem4f.oem4f (.const:ti_sysbios_family_arm_m3_Hwi_nullIsrFunc__C)
                  0001d730    00000004     release_pem4f.oem4f (.const:ti_sysbios_family_arm_m3_Hwi_priGroup__C)
                  0001d734    00000004     release_pem4f.oem4f (.const:ti_sysbios_family_arm_m3_Hwi_swiDisable__C)
                  0001d738    00000004     release_pem4f.oem4f (.const:ti_sysbios_family_arm_m3_Hwi_swiRestoreHwi__C)
                  0001d73c    00000004     release_pem4f.oem4f (.const:ti_sysbios_family_arm_m3_TaskSupport_stackAlignment__C)
                  0001d740    00000004     release_pem4f.oem4f (.const:ti_sysbios_family_arm_msp432_Timer_numTimerDevices__C)
                  0001d744    00000004     release_pem4f.oem4f (.const:ti_sysbios_family_arm_msp432_Timer_startupNeeded__C)
                  0001d748    00000004     release_pem4f.oem4f (.const:ti_sysbios_gates_GateMutex_Instance_State_sem__O)
                  0001d74c    00000004     release_pem4f.oem4f (.const:ti_sysbios_heaps_HeapMem_E_memory__C)
                  0001d750    00000004     release_pem4f.oem4f (.const:ti_sysbios_heaps_HeapMem_Module__gateObj__C)
                  0001d754    00000004     release_pem4f.oem4f (.const:ti_sysbios_heaps_HeapMem_Object__count__C)
                  0001d758    00000004     release_pem4f.oem4f (.const:ti_sysbios_heaps_HeapMem_primaryHeapBaseAddr__C)
                  0001d75c    00000004     release_pem4f.oem4f (.const:ti_sysbios_heaps_HeapMem_primaryHeapEndAddr__C)
                  0001d760    00000004     release_pem4f.oem4f (.const:ti_sysbios_heaps_HeapMem_reqAlign__C)
                  0001d764    00000004     release_pem4f.oem4f (.const:ti_sysbios_knl_Clock_Module_State_clockQ__O)
                  0001d768    00000004     release_pem4f.oem4f (.const:ti_sysbios_knl_Clock_tickPeriod__C)
                  0001d76c    00000004     release_pem4f.oem4f (.const:ti_sysbios_knl_Mailbox_Instance_State_freeQue__O)
                  0001d770    00000004     release_pem4f.oem4f (.const:ti_sysbios_knl_Mailbox_Object__count__C)
                  0001d774    00000004     release_pem4f.oem4f (.const:ti_sysbios_knl_Mailbox_maxTypeAlign__C)
                  0001d778    00000004     release_pem4f.oem4f (.const:ti_sysbios_knl_Semaphore_Instance_State_pendQ__O)
                  0001d77c    00000004     release_pem4f.oem4f (.const:ti_sysbios_knl_Swi_Object__count__C)
                  0001d780    00000004     release_pem4f.oem4f (.const:ti_sysbios_knl_Task_Module_State_inactiveQ__O)
                  0001d784    00000004     release_pem4f.oem4f (.const:ti_sysbios_knl_Task_Object__count__C)
                  0001d788    00000004     release_pem4f.oem4f (.const:ti_sysbios_knl_Task_Object__heap__C)
                  0001d78c    00000004     release_pem4f.oem4f (.const:ti_sysbios_knl_Task_allBlockedFunc__C)
                  0001d790    00000004     release_pem4f.oem4f (.const:ti_sysbios_knl_Task_defaultStackHeap__C)
                  0001d794    00000004     release_pem4f.oem4f (.const:ti_sysbios_knl_Task_defaultStackSize__C)
                  0001d798    00000004     release_pem4f.oem4f (.const:ti_sysbios_knl_Task_numConstructedTasks__C)
                  0001d79c    00000004     release_pem4f.oem4f (.const:xdc_runtime_Error_E_memory__C)
                  0001d7a0    00000004     release_pem4f.oem4f (.const:xdc_runtime_Error_policyFxn__C)
                  0001d7a4    00000004     release_pem4f.oem4f (.const:xdc_runtime_IGateProvider_Interface__BASE__C)
                  0001d7a8    00000004     release_pem4f.oem4f (.const:xdc_runtime_IHeap_Interface__BASE__C)
                  0001d7ac    00000004     release_pem4f.oem4f (.const:xdc_runtime_IModule_Interface__BASE__C)
                  0001d7b0    00000004     release_pem4f.oem4f (.const:xdc_runtime_Memory_defaultHeapInstance__C)
                  0001d7b4    00000004     release_pem4f.oem4f (.const:xdc_runtime_Startup_execImpl__C)
                  0001d7b8    00000004     release_pem4f.oem4f (.const:xdc_runtime_Startup_maxPasses__C)
                  0001d7bc    00000004     release_pem4f.oem4f (.const:xdc_runtime_Startup_sfxnRts__C)
                  0001d7c0    00000004     release_pem4f.oem4f (.const:xdc_runtime_Startup_sfxnTab__C)
                  0001d7c4    00000004     release_pem4f.oem4f (.const:xdc_runtime_SysCallback_abortFxn__C)
                  0001d7c8    00000004     release_pem4f.oem4f (.const:xdc_runtime_SysCallback_exitFxn__C)
                  0001d7cc    00000004     release_pem4f.oem4f (.const:xdc_runtime_System_Module__gateObj__C)
                  0001d7d0    00000004     release_pem4f.oem4f (.const:xdc_runtime_System_abortFxn__C)
[...]
200281bc  LevyWalk_LeftPeriod                                             
200281cc  LevyWalk_LeftZeroTime1                                          
200281dc  LevyWalk_LeftZeroTime2                                          
200281ec  LevyWalk_RightActiveTime1                                       
200281fc  LevyWalk_RightDuration                                          
2002820c  LevyWalk_RightPeriod                                            
2002821c  LevyWalk_RightZeroTime1                                         
2002822c  LevyWalk_RightZeroTime2                                         
2002823c  LevyWalk_RobotPos                                               
2002824c  StimulateDuration                                               
2002825c  StimulatePeriod                                                 
2002826c  ZeroTime1                                                       
2002827c  ZeroTime2                                                       
2002828c  quat                                                            
2002829c  quat_float                                                      
200282b9  BaselineReadytoSave                                             
200282ba  imubuferfil                                                     
200282bc  Flash_FrameNumberArray                                          
200282c8  accel_check                                                     
200282d4  accel_float                                                     
200282e0  position                                                        
200282ec  speed                                                           
200282f8  ypr                                                             
2002830c  ChannelAmplitude                                                
20028314  LevyWalk_ForwardChannelAmplitude                                
2002831c  LevyWalk_LeftChannelAmplitude                                   
20028324  LevyWalk_RightChannelAmplitude                                  
2002832c  LevyWalk_RobotHead                                              
20028334  LevyWalk_RobotTail                                              
2002833c  accel                                                           
20028344  accel_int16                                                     
2002834c  accel_raw                                                       
20028354  gyro                                                            
2002835c  quat_int16                                                      
20028388  Ambient_Temp                                                    
2002838c  Analog_SemHandle                                                
20028390  BaselinevalOld                                                  
20028394  BatteryVoltage                                                  
20028398  ChannelActive                                                   
2002839c  Empty_SemHandle                                                 
200283a0  FFTCal_SemHandle                                                
200283a4  HumanDetection_Score                                            
200283a8  LevyWalk_ForwardChannelActive                                   
200283ac  LevyWalk_LeftChannelActive                                      
200283b0  LevyWalk_RightChannelActive                                     
200283b4  LevyWalk_SemHandle                                              
200283b8  LevyWalk_SubVariable_Pointer                                    
200283bc  LevyWalk_SubVariable_Pointer2                                   
200283c0  SVM_Threshold                                                   
200283c4  SemHandle_IMU_Task                                              
200283c8  SemHandle_IR                                                    
200283cc  TimeCntMilisecond                                               
200283d0  WClocksemaphoreHandle_IMU                                       
200283d4  WaitingClockHandle_IMU                                          
200283d8  adcBuf                                                          
200283dc  current_time                                                    
200283e0  imuintperiod                                                    
200283e4  last_time                                                       
200283e8  mstimecnt                                                       
200283ec  pFinishBuffer                                                   
200283f0  period                                                          
200283f4  semaphoreHandle_IMU_driver                                      
200283f8  sensor_timestamp                                                
200283fc  tempGain                                                        
20028400  ti_sysbios_knl_Task_Instance_State_0_hookEnv__A                 
20028404  yaw_bias                                                        
20028408  imufilteredidx                                                  
2002840a  imuiirfilteredidx                                               
2002840c  sensors                                                         
2002840e  u16tempval                                                      
20028410  Co2Sensor_onoff                                                 
20028411  IRSensor_onoff                                                  
20028412  IR_ImageUpdated                                                 
20028413  IdxRoundBuffer                                                  
20028414  IsIRImageCompletelySent                                         
20028415  IsOnBoardHumanDetection                                         
20028416  Mic_onoff                                                       
20028417  RequestData                                                     
20028418  StimulationStartStop                                            
20028419  StimulationTrigger                                              
2002841a  StreamImage                                                     
2002841b  currentsampling                                                 
2002841c  currentsamplingold                                              
2002841d  gIRsensorOk                                                     
2002841e  humandetected                                                   
2002841f  isFlashOK                                                       
20028420  isOldBaselineFound                                              
20028421  more                                                            
20028422  switchAnalogchannel                                             
20028423  udmaMSP432Object                                                
20028424  Beta                                                            
20029fb4  Mu                                                              
2002bb44  Sigma                                                           
2002d6d4  PowerMSP432_perfLevels                                          
2002d804  LevyWalk_ControlRate                                            
2002d808  LevyWalk_TimeForExecute                                         
2002d80c  LevyWalk_ControlCount                                           
2002d810  LevyWalk_AngleThreshold                                         
2002d814  LevyWalk_Turn                                                   
2002d818  LevyWalk_TurnPrevious                                           
2002d81c  LevyWalk_DistanceThreshold                                      
2002d820  LevyWalk_IsReached                                              
2002d821  LevyWalk_IsTheRoachConfined                                     
2002d822  LevyWalk_IsLongStimulusHandleStarted                            
2002d823  LevyWalk_IsLongStimulusBeingChecked                             
2002d824  LevyWalk_TimeofStimulusForSteering                              
2002d828  LevyWalk_TimeafterLongStimulus                                  
2002d82c  LevyWalk_ThresholdOfLongStimulus                                
2002d830  LevyWalk_ThresholdOfLongStimulusForward                         
2002d834  LevyWalk_ThresholdOfLongStimulusFreeWalk                        
2002d838  LevyWalk_ReactionTime                                           
2002d83c  LevyWalk_IsForwardTriggeredAlready                              
2002d83d  LevyWalk_ShouldCheckTheForwardSpeed                             
2002d840  LevyWalk_TimeafterForwardStimulus                               
2002d844  LevyWalk_TimeafterAngleSmallerThanThreshold                     
2002d848  LevyWalk_DurationToCheckSpeed                                   
2002d84c  LevyWalk_DurationToCheckSpeed_FreeWalk                          
2002d850  LevyWalk_DurationToCheckForwardSpeed                            
2002d854  LevyWalk_DurationToCheckSpeed_Stimulation                       
2002d858  LevyWalk_ThresholdOfTimeForwardWhenSpeedIsSmall                 
2002d85c  LevyWalk_ThresholdOfTimeFreeWalkWhenSpeedIsSmall                
2002d860  LevyWalk_ForwardVelocity                                        
2002d864  LevyWalk_AngularVelocity                                        
2002d868  LevyWalk_ForwardVelocity_Vicon                                  
2002d86c  LevyWalk_AngularVelocity_Vicon                                  
2002d870  LevyWalk_ForwardVelocity_IMU                                    
2002d874  LevyWalk_AngularVelocity_IMU                                    
2002d878  LevyWalk_UseIMU_LinearSpeed                                     
2002d879  LevyWalk_UseIMU_AngularSpeed                                    
2002d87c  LevyWalk_ThresholdOfForwardVelocity                             
2002d880  LevyWalk_ThresholdOfAngularVelocity                             
2002d884  LevyWalk_TimeStoreToCalculateSpeed                              
2002d888  LevyWalk_SpeedCount                                             
2002d88c  LevyWalk_SpeedFlag_Linear                                       
2002d88d  LevyWalk_SpeedFlag_Angular                                      
2002d88e  LevyWalk_SpeedFlag_Linear_IMU                                   
2002d88f  LevyWalk_SpeedFlag_Angular_IMU                                  
2002d890  LevyWalk_SpeedFlag_Linear_Vicon                                 
2002d891  LevyWalk_SpeedFlag_Angular_Vicon                                
2002d892  LevyWalk_UseEscapeMode                                          
2002d894  LevyWalk_AngularSpeedMethod                                     
2002d898  LevyWalk_TemporalVariableToTestSpeed                            
2002d89c  LevyWalk_Tagert_Order                                           
2002d8a0  LevyWalk_Distance                                               
2002d8a4  LevyWalk_IsNavigated                                            
2002d8a8  LevyWalk_MarkerTest                                             
2002d8ac  Testing                                                         
2002d8b0  i                                                               
2002d8b4  LevyWalk_EnableTheFreeWalkingAfterStimulation                   
2002d8b8  LevyWalk_TimeCounterForFreeWalkAfterSteering                    
2002d8bc  LevyWalk_StartCoutingTimeForFreeWalkAfterSteering               
2002d8c0  LevyWalk_ThresholdForFreeWalkAfterSteering                      
2002d8c4  LevyWalk_ThresholdofFinalPartForLongStimulus                    
2002d8c8  LevyWalk_NumberAngularSpeed                                     
2002d8cc  LevyWalk_NumberLinearSpeed                                      
2002d958  ti_sysbios_knl_Swi_Module_State_0_readyQ__A                     
2002d9d8  ti_sysbios_knl_Task_Module_State_0_readyQ__A                    
2002da58  ti_sysbios_gates_GateMutex_Object__table__V                     
2002daac  ti_sysbios_knl_Task_Object__table__V                            
2002daf8  offsetcount                                                     
2002dafc  variance                                                        
2002db00  stdev                                                           
2002db04  no_motion_threshold                                             
2002db08  movinggain                                                      
2002db0c  stimulationShrinkGain                                           
2002db10  stimulationReGain                                               
2002db14  stimulationGainChanged                                          
2002db18  tickCounter                                                     
2002db1c  ivar                                                            
2002db20  currentYaw                                                      
2002db24  previousYaw                                                     
2002db28  omegaIdx                                                        
2002db2c  omega                                                           
2002db30  absolutespeed                                                   
2002db34  IMUready                                                        
2002db35  ismoving                                                        
2002db36  CntforFlashing                                                  
2002db37  accel_count                                                     
2002db38  Skipcnt                                                         
2002db3c  skipflage                                                       
2002db3d  stable_flag                                                     
2002db3e  blinkEnable                                                     
2002db3f  updatePosition                                                  
2002db40  readytofilter                                                   
2002db41  readytoanalyze                                                  
2002db42  ledtoglecnt                                                     
2002db44  ti_sysbios_family_arm_msp432_Timer_Object__table__V             
2002db88  ti_sysbios_knl_Task_Module__state__V                            
2002dbcc  LevyWalk_Target                                                 
2002dc44  ti_sysbios_family_arm_m3_Hwi_Module__state__V                   
2002dc78  adcBuf0MSP432Channels                                           
2002dca8  ti_sysbios_knl_Swi_Object__table__V                             
2002dcd8  PowerMSP432_module                                              
2002dd04  ti_sysbios_knl_Clock_Module__state__V                           
2002dd30  gpioPinConfigs                                                  
2002dd58  ti_sysbios_BIOS_Module__state__V                                
2002dd7c  Flash_ShouldWeSave                                              
2002dd7d  Flash_IsFlashBeingWritten                                       
2002dd7e  Flash_IsItTimeToSaveFlash                                       
2002dd7f  Flash_IsFlashWrittingStarted                                    
2002dd80  Flash_ShouldWeSave_Previous                                     
2002dd81  Flash_Counter                                                   
2002dd84  LevyWalk_SubVariable3                                           
2002dd88  LevyWalk_SubVariable4                                           
2002dd8c  LevyWalk_SubVariable5                                           
2002dd90  LevyWalk_SubVariable6                                           
2002dd94  RequestDataSendBack                                             
2002dd98  FrameNumberSendBack                                             
2002dd9c  ti_sysbios_family_arm_msp432_Timer_Module_State_0_device__A     
2002ddbc  xdc_runtime_Error_IgnoreBlock                                   
2002dddc  HumanDetection_MinOfRange                                       
2002dde0  HumanDetection_MaxOfRange                                       
2002dde4  HumanDetection_MinOfPixels                                      
2002dde8  HumanDetection_MaxOfPixels                                      
2002ddec  HuuDuoc_PixelInRange                                            
2002ddf0  KernelScale                                                     
2002ddf4  Bias                                                            
2002de30  ti_sysbios_knl_Swi_Module__state__V                             
2002de4c  ti_sysbios_family_arm_m3_Hwi_Object__table__V                   
2002de64  ti_sysbios_heaps_HeapMem_Object__table__V                       
2002de9c  ti_sysbios_family_arm_msp432_Timer_Module_State_0_handles__A    
2002deba  BatteryVoltageSampleCnt                                         
2002debc  FireWatch_Threshold                                             
2002dec0  FireWatch_Variable                                              
2002dec4  FireWatch_Count                                                 
2002dec8  FireWatch_Detected                                              
2002dec9  Baselineval                                                     
2002decc  p_matrix                                                        
2002ded8  ti_sysbios_family_arm_msp432_ClockFreqs_Module__state__V        
2002dee4  ti_sysbios_family_arm_msp432_Timer_Module__state__V             
2002defc  _lock                                                           
2002df00  _unlock                                                         
2002df04  LevyWalk_TargetToTest                                           
2002df0c  LevyWalk_Target_Current                                         
2002df14  gpioCallbackFunctions                                           
2002df1c  ti_sysbios_family_arm_m3_Hwi_Module__root__V                    
2002df24  ti_sysbios_gates_GateHwi_Module__root__V                        
2002df2c  ti_sysbios_gates_GateMutex_Module__root__V                      
2002df34  ti_sysbios_heaps_HeapMem_Module__root__V                        
2002df3c  ti_sysbios_knl_Clock_Module__root__V                            
2002df44  ti_sysbios_knl_Queue_Module__root__V                            
2002df4c  ti_sysbios_knl_Semaphore_Module__root__V                        
2002df54  ti_sysbios_knl_Task_Module__root__V                             
2002df5c  xdc_runtime_Startup_Module__state__V                            
2002df64  xdc_runtime_System_Module_State_0_atexitHandlers__A             
2002df6c  xdc_runtime_System_Module__state__V                             
2002df78  main_func_sp                                                    
2002df7c  ti_sysbios_family_arm_m3_Hwi_Module_State_0_excContext__A       
2002df80  ti_sysbios_family_arm_m3_Hwi_Module_State_0_excStack__A         
2002df84  ti_sysbios_gates_GateHwi_Object__table__V                       
2002df88  ti_sysbios_knl_Task_Module_State_0_idleTask__A                  
2002df8c  ti_sysbios_rts_ti_ReentSupport_Module__state__V                 
2002df90  xdc_runtime_Memory_Module__state__V                             
2002df94  ti_sysbios_family_arm_m3_Hwi_Module_State_0_excActive__A        
2003fc00  __stack                                                         
20040000  __STACK_END                                                     
4000480c  WDTCTL_SYM                                                      
e000e000  ti_sysbios_family_arm_m3_Hwi_nvic                               
ffffffff  __TI_pprof_out_hndl                                             
ffffffff  __TI_prof_data_size                                             
ffffffff  __TI_prof_data_start                                            
ffffffff  __binit__                                                       
ffffffff  __c_args__                                                      
ffffffff  binit                                                           
UNDEFED   SHT$$INIT_ARRAY$$Base                                           
UNDEFED   SHT$$INIT_ARRAY$$Limit                                          

[984 symbols]
