******************************************************************************
                  TI ARM Linker PC v18.1.4                     
******************************************************************************
>> Linked Wed Feb  1 15:28:05 2023

OUTPUT FILE NAME:   <ble5_simple_peripheral_cc13x2r1lp_app.out>
ENTRY POINT SYMBOL: "ResetISR"  address: 0000d82d


MEMORY CONFIGURATION

         name            origin    length      used     unused   attr    fill
----------------------  --------  ---------  --------  --------  ----  --------
  FLASH                 00000000   00056000  00018352  0003dcae  R  X
  FLASH_LAST_PAGE       00056000   00002000  00000058  00001fa8  R  X
  RTOS_SRAM             20000000   0000012c  000000e4  00000048  RW X
  SRAM                  20000fdf   00013021  00002dc1  00010260  RW X


SEGMENT ALLOCATION MAP

run origin  load origin   length   init length attrs members
----------  ----------- ---------- ----------- ----- -------
00000000    00000000    00014358   00014358    r-x
  00000000    00000000    0000003c   0000003c    r-- .resetVecs
  0000003c    0000003c    00012158   00012158    r-x .text
  00012194    00012194    00001ba2   00001ba2    r-- .const
  00013d38    00013d38    000000c4   000000c4    r-- .rodata
  00013e00    00013e00    00000558   00000558    r-- .cinit
00048000    00048000    00004000   00000000    rw-
  00048000    00048000    00004000   00000000    rw- .TI.bound:flashBuf$0
00057fa8    00057fa8    00000058   00000058    r--
  00057fa8    00057fa8    00000058   00000058    r-- .ccfg
20000100    20000100    0000000c   00000000    rw-
  20000100    20000100    00000004   00000000    rw- .data:xdcRomConstPtr
  20000104    20000104    00000004   00000000    rw- .data:xdcRomExternFuncPtr
  20000108    20000108    00000004   00000000    rw- .data:xdcRomStatePtr
20001830    20001830    00000010   00000000    rw-
  20001830    20001830    00000010   00000000    rw- .TI.bound:dmaSpi0RxControlTableEntry
20001840    20001840    00000010   00000000    rw-
  20001840    20001840    00000010   00000000    rw- .TI.bound:dmaSpi0TxControlTableEntry
20001900    20001900    00000010   00000000    rw-
  20001900    20001900    00000010   00000000    rw- .TI.bound:dmaSpi1RxControlTableEntry
20001910    20001910    00000010   00000000    rw-
  20001910    20001910    00000010   00000000    rw- .TI.bound:dmaSpi1TxControlTableEntry
20001a30    20001a30    00000010   00000000    rw-
  20001a30    20001a30    00000010   00000000    rw- .TI.bound:dmaSpi0RxAltControlTableEntry
20001a40    20001a40    00000010   00000000    rw-
  20001a40    20001a40    00000010   00000000    rw- .TI.bound:dmaSpi0TxAltControlTableEntry
20001b00    20001b00    00000010   00000000    rw-
  20001b00    20001b00    00000010   00000000    rw- .TI.bound:dmaSpi1RxAltControlTableEntry
20001b10    20001b10    00002951   00000000    rw-
  20001b10    20001b10    00000010   00000000    rw- .TI.bound:dmaSpi1TxAltControlTableEntry
  20001b20    20001b20    000019d4   00000000    rw- .data
  200034f8    200034f8    00000f69   00000000    rw- .bss
20013c00    20013c00    00000400   00000000    rw-
  20013c00    20013c00    00000400   00000000    rw- .stack


SECTION ALLOCATION MAP

 output                                  attributes/
section   page    origin      length       input sections
--------  ----  ----------  ----------   ----------------
.data:xdcRomConstPtr 
*          0    20000100    00000004     UNINITIALIZED
                  20000100    00000004     ble_release_pem4f.oem4f (.data:xdcRomConstPtr)

.data:xdcRomExternFuncPtr 
*          0    20000104    00000004     UNINITIALIZED
                  20000104    00000004     ble_release_pem4f.oem4f (.data:xdcRomExternFuncPtr)

.data:xdcRomStatePtr 
*          0    20000108    00000004     UNINITIALIZED
                  20000108    00000004     ble_release_pem4f.oem4f (.data:xdcRomStatePtr)

.bootVecs 
*          0    00000000    00000008     DSECT
                  00000000    00000008     boot.aem4f : boot.oem4f (.bootVecs)

.resetVecs 
*          0    00000000    0000003c     
                  00000000    0000003c     ble_release_pem4f.oem4f (.resetVecs)

.vecs      0    20000000    000000d8     NOLOAD SECTION
                  20000000    000000d8     ble_release_pem4f.oem4f (.vecs)

xdc.meta   0    00000000    0000011f     COPY SECTION
                  00000000    0000011f     ble_release_pem4f.oem4f (xdc.meta)

xdc.noload 
*          0    00000000    00000000     COPY SECTION

.cinit     0    00013e00    00000558     
                  00013e00    00000484     (.cinit..data.load) [load image, compression = lzss]
                  00014284    0000000c     (__TI_handler_table)
                  00014290    00000008     (.cinit..TI.bound:dmaSpi0RxAltControlTableEntry.load) [load image, compression = zero_init]
                  00014298    00000008     (.cinit..TI.bound:dmaSpi0RxControlTableEntry.load) [load image, compression = zero_init]
                  000142a0    00000008     (.cinit..TI.bound:dmaSpi0TxAltControlTableEntry.load) [load image, compression = zero_init]
                  000142a8    00000008     (.cinit..TI.bound:dmaSpi0TxControlTableEntry.load) [load image, compression = zero_init]
                  000142b0    00000008     (.cinit..TI.bound:dmaSpi1RxAltControlTableEntry.load) [load image, compression = zero_init]
                  000142b8    00000008     (.cinit..TI.bound:dmaSpi1RxControlTableEntry.load) [load image, compression = zero_init]
                  000142c0    00000008     (.cinit..TI.bound:dmaSpi1TxAltControlTableEntry.load) [load image, compression = zero_init]
                  000142c8    00000008     (.cinit..TI.bound:dmaSpi1TxControlTableEntry.load) [load image, compression = zero_init]
                  000142d0    00000008     (.cinit..bss.load) [load image, compression = zero_init]
                  000142d8    00000008     (.cinit..data:xdcRomConstPtr.load) [load image, compression = lzss]
                  000142e0    00000008     (.cinit..data:xdcRomExternFuncPtr.load) [load image, compression = lzss]
                  000142e8    00000008     (.cinit..data:xdcRomStatePtr.load) [load image, compression = lzss]
                  000142f0    00000068     (__TI_cinit_table)

.init_array 
*          0    00000000    00000000     UNINITIALIZED

.TI.bound:flashBuf$0 
*          0    00048000    00004000     UNINITIALIZED
                  00048000    00004000     CC1352R1_LAUNCHXL.obj (.TI.bound:flashBuf$0)

.ccfg      0    00057fa8    00000058     
                  00057fa8    00000058     ccfg.obj (.ccfg:retain)

.TI.bound:dmaSpi0RxControlTableEntry 
*          0    20001830    00000010     UNINITIALIZED
                  20001830    00000010     drivers_cc13x2.aem4f : SPICC26X2DMA.oem4f (.TI.bound:dmaSpi0RxControlTableEntry)

.TI.bound:dmaSpi0TxControlTableEntry 
*          0    20001840    00000010     UNINITIALIZED
                  20001840    00000010     drivers_cc13x2.aem4f : SPICC26X2DMA.oem4f (.TI.bound:dmaSpi0TxControlTableEntry)

.TI.bound:dmaSpi1RxControlTableEntry 
*          0    20001900    00000010     UNINITIALIZED
                  20001900    00000010     drivers_cc13x2.aem4f : SPICC26X2DMA.oem4f (.TI.bound:dmaSpi1RxControlTableEntry)

.TI.bound:dmaSpi1TxControlTableEntry 
*          0    20001910    00000010     UNINITIALIZED
                  20001910    00000010     drivers_cc13x2.aem4f : SPICC26X2DMA.oem4f (.TI.bound:dmaSpi1TxControlTableEntry)

.TI.bound:dmaSpi0RxAltControlTableEntry 
*          0    20001a30    00000010     UNINITIALIZED
                  20001a30    00000010     drivers_cc13x2.aem4f : SPICC26X2DMA.oem4f (.TI.bound:dmaSpi0RxAltControlTableEntry)

.TI.bound:dmaSpi0TxAltControlTableEntry 
*          0    20001a40    00000010     UNINITIALIZED
                  20001a40    00000010     drivers_cc13x2.aem4f : SPICC26X2DMA.oem4f (.TI.bound:dmaSpi0TxAltControlTableEntry)

.TI.bound:dmaSpi1RxAltControlTableEntry 
*          0    20001b00    00000010     UNINITIALIZED
                  20001b00    00000010     drivers_cc13x2.aem4f : SPICC26X2DMA.oem4f (.TI.bound:dmaSpi1RxAltControlTableEntry)

.TI.bound:dmaSpi1TxAltControlTableEntry 
*          0    20001b10    00000010     UNINITIALIZED
                  20001b10    00000010     drivers_cc13x2.aem4f : SPICC26X2DMA.oem4f (.TI.bound:dmaSpi1TxAltControlTableEntry)

.data      0    20001b20    000019d4     UNINITIALIZED
                  20001b20    00000b50     simple_peripheral.obj (.data:$O1$$)
                  20002670    00000304     simple_gatt_profile.obj (.data:$O4$$)
                  20002974    000001d4     devinfoservice.obj (.data:$O11$$)
                  20002b48    0000010c     ble_release_pem4f.oem4f (.data:ROM_stateStruct)
                  20002c54    00000100     ble5_simple_peripheral_cc13x2r1lp_stack_library.lib : gapbondmgr.obj (.data:$O16$$)
                  20002d54    000000ec     drivers_cc13x2.aem4f : PowerCC26X2.oem4f (.data:PowerCC26X2_module)
                  20002e40    0000009c     icall.obj (.data:$O8$$)
                  20002edc    00000090     profiles_pxxx.a : gapgattserver.o (.data)
                  20002f6c    0000007c     ble5_simple_peripheral_cc13x2r1lp_stack_library.lib : osal_cbtimer.obj (.data:$O21$$)
                  20002fe8    00000050     ll_pxxx.a : ll_config.o (.data)
                  20003038    0000004c     ble_release_pem4f.oem4f (.data:ti_sysbios_knl_Task_Object__table__V)
                  20003084    00000004     ble5_simple_peripheral_cc13x2r1lp_stack_library.lib : gap.obj (.data:$O15$$)
                  20003088    00000048     ble_release_pem4f.oem4f (.data:ti_sysbios_family_arm_cc26xx_Timer_Object__table__V)
                  200030d0    00000040     simple_peripheral_menu.obj (.data:spMenuConnPhy)
                  20003110    00000038     nvoctp.obj (.data:$O7$$)
                  20003148    00000038     ble_release_pem4f.oem4f (.data:ti_sysbios_gates_GateMutex_Object__table__V)
                  20003180    00000030     ble_release_pem4f.oem4f (.data:ti_sysbios_knl_Swi_Module_State_0_readyQ__A)
                  200031b0    00000030     ble_release_pem4f.oem4f (.data:ti_sysbios_knl_Swi_Object__table__V)
                  200031e0    00000030     ble_release_pem4f.oem4f (.data:ti_sysbios_knl_Task_Module_State_0_readyQ__A)
                  20003210    0000002c     ble5_simple_peripheral_cc13x2r1lp_stack_library.lib : osal.obj (.data:$O17$$)
                  2000323c    00000028     icall_user_config.obj (.data:nvintfFncStruct)
                  20003264    00000020     ble_user_config.obj (.data:eccParams_NISTP256)
                  20003284    00000020     simple_peripheral_menu.obj (.data:spMenuSelectConn)
                  200032a4    00000020     ble_release_pem4f.oem4f (.data:ti_sysbios_knl_Clock_Object__table__V)
                  200032c4    00000020     ble_release_pem4f.oem4f (.data:xdc_runtime_Error_IgnoreBlock)
                  200032e4    00000018     simple_peripheral_menu.obj (.data:spMenuMain)
                  200032fc    00000018     simple_peripheral_menu.obj (.data:spMenuPerConn)
                  20003314    00000018     ble_release_pem4f.oem4f (.data:ti_sysbios_family_arm_m3_Hwi_Object__table__V)
                  2000332c    00000014     two_btn_menu.obj (.data:$O5$$)
                  20003340    00000011     simple_gatt_profile.obj (.data:simpleProfileChar1UserDesp$7)
                  20003351    00000011     simple_gatt_profile.obj (.data:simpleProfileChar2UserDesp$7)
                  20003362    00000011     simple_gatt_profile.obj (.data:simpleProfileChar3UserDesp$7)
                  20003373    00000011     simple_gatt_profile.obj (.data:simpleProfileChar4UserDesp$7)
                  20003384    00000011     simple_gatt_profile.obj (.data:simpleProfileChar5UserDesp$7)
                  20003395    00000002     drivers_cc13x2.aem4f : CryptoResourceCC26XX.oem4f (.data)
                  20003397    00000001     TRNGCC26XX.obj (.data)
                  20003398    00000010     icall_user_config.obj (.data:bleAppServiceInfoTable)
                  200033a8    00000010     icall_api_lite.obj (.data)
                  200033b8    00000010     ll_pxxx.a : ll.o (.data)
                  200033c8    00000010               : ll_data.o (.data)
                  200033d8    00000010     profiles_pxxx.a : gattservapp.o (.data)
                  200033e8    00000010     main.obj (.data:user0Cfg)
                  200033f8    0000000c     ble_release_pem4f.oem4f (.data:ti_sysbios_heaps_HeapCallback_Object__table__V)
                  20003404    00000009     devinfoservice.obj (.data)
                  2000340d    00000002     drivers_cc13x2.aem4f : PKAResourceCC26XX.oem4f (.data)
                  2000340f    00000001     simple_peripheral.obj (.data:argGPS)
                  20003410    00000008     icall_cc2650.obj (.data:$O10$$)
                  20003418    00000008     ble5_simple_peripheral_cc13x2r1lp_stack_library.lib : hal_assert.obj (.data:$O14$$)
                  20003420    00000008                                                         : osal_clock.obj (.data:$O22$$)
                  20003428    00000008     rtsv7M4_T_le_v4SPD16_eabi.lib : _lock.c.obj (.data:$O25$$)
                  20003430    00000008     drivers_cc13x2.aem4f : PINCC26XX.oem4f (.data)
                  20003438    00000008     profiles_pxxx.a : gapgattserver.o (.data)
                  20003440    00000008     ble_release_pem4f.oem4f (.data:ti_sysbios_family_arm_m3_Hwi_Module__root__V)
                  20003448    00000008     ble_release_pem4f.oem4f (.data:ti_sysbios_gates_GateHwi_Module__root__V)
                  20003450    00000008     ble_release_pem4f.oem4f (.data:ti_sysbios_gates_GateMutexPri_Module__root__V)
                  20003458    00000008     ble_release_pem4f.oem4f (.data:ti_sysbios_gates_GateMutex_Module__root__V)
                  20003460    00000008     ble_release_pem4f.oem4f (.data:ti_sysbios_hal_Hwi_Module__root__V)
                  20003468    00000008     ble_release_pem4f.oem4f (.data:ti_sysbios_heaps_HeapCallback_Module__root__V)
                  20003470    00000008     ble_release_pem4f.oem4f (.data:ti_sysbios_heaps_HeapMem_Module__root__V)
                  20003478    00000008     ble_release_pem4f.oem4f (.data:ti_sysbios_knl_Clock_Module__root__V)
                  20003480    00000008     ble_release_pem4f.oem4f (.data:ti_sysbios_knl_Event_Module__root__V)
                  20003488    00000008     ble_release_pem4f.oem4f (.data:ti_sysbios_knl_Mailbox_Module__root__V)
                  20003490    00000008     ble_release_pem4f.oem4f (.data:ti_sysbios_knl_Queue_Module__root__V)
                  20003498    00000008     ble_release_pem4f.oem4f (.data:ti_sysbios_knl_Semaphore_Module__root__V)
                  200034a0    00000008     ble_release_pem4f.oem4f (.data:ti_sysbios_knl_Swi_Module__root__V)
                  200034a8    00000008     ble_release_pem4f.oem4f (.data:ti_sysbios_knl_Task_Module__root__V)
                  200034b0    00000005     simple_gatt_profile.obj (.data)
                  200034b5    00000001     simple_peripheral.obj (.data:argMcuTransaction)
                  200034b6    00000002     ble_release_pem4f.oem4f (.data:ti_sysbios_family_arm_m3_Hwi_Module_State_0_excActive__A)
                  200034b8    00000004     ble5_simple_peripheral_cc13x2r1lp_stack_library.lib : osal_pwrmgr.obj (.data:$O18$$)
                  200034bc    00000004                                                         : ble_user_config.obj (.data)
                  200034c0    00000004                                                         : osal_bufmgr.obj (.data)
                  200034c4    00000004     ble_user_config.obj (.data)
                  200034c8    00000004     ble_user_config.obj (.data:pOverrides1Mbps)
                  200034cc    00000004     ble_user_config.obj (.data:pOverrides2Mbps)
                  200034d0    00000004     ble_user_config.obj (.data:pOverridesCoded)
                  200034d4    00000004     ble_user_config.obj (.data:pOverridesCommon)
                  200034d8    00000004     rtsv7M4_T_le_v4SPD16_eabi.lib : stkdepth_vars.c.obj (.data)
                  200034dc    00000004     ble_release_pem4f.oem4f (.data:ti_sysbios_family_arm_m3_Hwi_Module_State_0_excContext__A)
                  200034e0    00000004     ble_release_pem4f.oem4f (.data:ti_sysbios_family_arm_m3_Hwi_Module_State_0_excStack__A)
                  200034e4    00000004     ble_release_pem4f.oem4f (.data:ti_sysbios_knl_Task_Module_State_0_idleTask__A)
                  200034e8    00000001     simple_peripheral.obj (.data:argPeriodic)
                  200034e9    00000001     drivers_cc13x2.aem4f : AESCCMCC26XX.oem4f (.data)
                  200034ea    00000001                          : AESECBCC26XX.oem4f (.data)
                  200034eb    00000001                          : ECDHCC26X2.oem4f (.data)
                  200034ec    00000001                          : NVS.oem4f (.data)
                  200034ed    00000001                          : SPI.oem4f (.data)
                  200034ee    00000001                          : UART.oem4f (.data)
                  200034ef    00000001     ll_pxxx.a : ll_scheduler.o (.data)
                  200034f0    00000001     profiles_pxxx.a : gapgattserver.o (.data)
                  200034f1    00000001                     : gapgattserver.o (.data)
                  200034f2    00000001                     : gapgattserver.o (.data)
                  200034f3    00000001                     : gapgattserver.o (.data)

.bss       0    200034f8    00000f69     UNINITIALIZED
                  200034f8    00000300     ble_release_pem4f.oem4f (.bss:taskStackSection)
                  200037f8    00000250     (.common:uartCC26XXObjects)
                  20003a48    00000200     rf_multiMode_cc13x2.aem4f : RFCC26X2_multiMode.oem4f (.bss:RF_cmdPool)
                  20003c48    000001a8     (.common:spiCC26X2DMAObjects)
                  20003df0    000000d8     (.common:ti_sysbios_family_arm_m3_Hwi_dispatchTable)
                  20003ec8    00000080     CC1352R1_LAUNCHXL.obj (.bss:uartStringBuf$0)
                  20003f48    0000007c     (.common:pinHandleTable)
                  20003fc4    00000004     drivers_cc13x2.aem4f : ECDHCC26X2.oem4f (.bss)
                  20003fc8    00000068     rf_multiMode_cc13x2.aem4f : RFCC26X2_multiMode.oem4f (.bss:RF_ratModule)
                  20004030    00000040     (.common:uartCC26XXRingBuffer)
                  20004070    00000034                               : RFCC26X2_multiMode.oem4f (.bss:RF_swiFsmObj)
                  200040a4    00000034                               : RFCC26X2_multiMode.oem4f (.bss:RF_swiHwObj)
                  200040d8    00000034     drivers_cc13x2.aem4f : PINCC26XX.oem4f (.bss:pinSwi)
                  2000410c    00000028     rf_multiMode_cc13x2.aem4f : RFCC26X2_multiMode.oem4f (.bss:RF_Sch)
                  20004134    00000028     (.common:nvFptrs)
                  2000415c    00000024                               : RFCC26X2_multiMode.oem4f (.bss:RF_clkInactivityObj)
                  20004180    00000024                               : RFCC26X2_multiMode.oem4f (.bss:RF_clkPowerUpObj)
                  200041a4    00000020                               : RFCC26X2_multiMode.oem4f (.bss:RF_cmdQ)
                  200041c4    00000020     drivers_cc13x2.aem4f : PINCC26XX.oem4f (.bss:pinGpioConfigTable)
                  200041e4    00000020     (.common:ecdhCC26X2Objects)
                  20004204    00000020     (.common:udmaObjects)
                  20004224    0000001c     driverlib.lib : osc.obj (.bss:$O27$$)
                  20004240    0000001c     rf_multiMode_cc13x2.aem4f : RFCC26X2_multiMode.oem4f (.bss:RF_hwiCpe0Obj)
                  2000425c    0000001c                               : RFCC26X2_multiMode.oem4f (.bss:RF_hwiHwObj)
                  20004278    0000001c     drivers_cc13x2.aem4f : PINCC26XX.oem4f (.bss:pinHwi)
                  20004294    0000001c                          : PINCC26XX.oem4f (.bss:pinSemaphore)
                  200042b0    0000001c     (.common:CryptoResourceCC26XX_accessSemaphore)
                  200042cc    0000001c     (.common:CryptoResourceCC26XX_hwi)
                  200042e8    0000001c     (.common:CryptoResourceCC26XX_operationSemaphore)
                  20004304    0000001c     (.common:PKAResourceCC26XX_accessSemaphore)
                  20004320    0000001c     (.common:PKAResourceCC26XX_hwi)
                  2000433c    0000001c     (.common:PKAResourceCC26XX_operationSemaphore)
                  20004358    00000018     profiles_pxxx.a : gapgattserver.o (.bss)
                  20004370    00000018     (.common:aesccmCC26XXObjects)
                  20004388    00000018     (.common:aesecbCC26XXObjects)
                  200043a0    00000016     rf_multiMode_cc13x2.aem4f : RFCC26X2_multiMode.oem4f (.bss)
                  200043b6    00000002     drivers_cc13x2.aem4f : UARTCC26XX.oem4f (.bss)
                  200043b8    00000014     rf_multiMode_cc13x2.aem4f : RFCC26X2_multiMode.oem4f (.bss:RF_ratSyncCmd)
                  200043cc    00000014                               : RFCC26X2_multiMode.oem4f (.bss:RF_wakeupNotifyObj)
                  200043e0    00000010                               : RFCC26X2_multiMode.oem4f (.bss:RF_core)
                  200043f0    0000000c     ble5_simple_peripheral_cc13x2r1lp_stack_library.lib : osal_timers.obj (.bss:$O19$$)
                  200043fc    0000000c     drivers_cc13x2.aem4f : NVSCC26XX.oem4f (.bss)
                  20004408    0000000c     ll_pxxx.a : ll_scheduler.o (.bss)
                  20004414    0000000c     simple_peripheral.obj (.bss)
                  20004420    0000000c     (.common:displayUartObject)
                  2000442c    00000004     drivers_cc13x2.aem4f : PINCC26XX.oem4f (.bss)
                  20004430    00000004     ll_pxxx.a : ll.o (.bss)
                  20004434    00000004     profiles_pxxx.a : gapgattserver.o (.bss)
                  20004438    00000004     (.common:ClockP_tickPeriod)
                  2000443c    00000004     (.common:PowerCC26XX_swiKey)
                  20004440    00000004     (.common:PowerCC26XX_taskKey)
                  20004444    00000004     (.common:nvsCC26xxObjects)
                  20004448    00000004     (.common:tasksEvents)
                  2000444c    00000004     (.common:trngCC26XXObjects)
                  20004450    00000002     ll_pxxx.a : ll_slave_end_causes.o (.bss)
                  20004452    00000002     profiles_pxxx.a : gapgattserver.o (.bss)
                  20004454    00000001     hci_tl_none.a : hci_tl.o (.bss)
                  20004455    00000001                   : hci_tl.o (.bss)
                  20004456    00000001                   : hci_tl.o (.bss)
                  20004457    00000001                   : hci_tl.o (.bss)
                  20004458    00000001                   : hci_tl.o (.bss)
                  20004459    00000001     ll_pxxx.a : ll.o (.bss)
                  2000445a    00000001               : ll.o (.bss)
                  2000445b    00000001               : ll_config.o (.bss)
                  2000445c    00000001               : ll_config.o (.bss)
                  2000445d    00000001     profiles_pxxx.a : gapgattserver.o (.bss)
                  2000445e    00000001     (.common:cccValue_char4)
                  2000445f    00000001     (.common:driverlib_release_0_53646)
                  20004460    00000001     (.common:icall_liteTaskId)

.vtable    0    20004461    00000000     UNINITIALIZED

.vtable_ram 
*          0    20004461    00000000     UNINITIALIZED

vtable_ram 
*          0    20004461    00000000     UNINITIALIZED

.sysmem    0    20004461    00000000     UNINITIALIZED

.nonretenvar 
*          0    20004461    00000000     UNINITIALIZED

.stack     0    20013c00    00000400     UNINITIALIZED
                  20013c00    00000400     --HOLE--

.text      0    0000003c    00012158     
                  0000003c    000007ec     simple_peripheral.obj (.text:SimplePeripheral_taskFxn)
                  00000828    000005c4     ble5_simple_peripheral_cc13x2r1lp_stack_library.lib : gapbondmgr.obj (.text:GAPBondMgr_ProcessEvent)
                  00000dec    000004e0     ll_pxxx.a : ll_slave_end_causes.o (.text)
                  000012cc    000003b8     rf_multiMode_cc13x2.aem4f : RFCC26X2_multiMode.oem4f (.text:RF_fsmActiveState)
                  00001684    000003a4     simple_peripheral.obj (.text:SimplePeripheral_processGapMessage)
                  00001a28    00000398     simple_peripheral.obj (.text:SimplePeripheral_init)
                  00001dc0    00000398     ll_pxxx.a : ll.o (.text)
                  00002158    00000340               : ll.o (.text)
                  00002498    0000032c               : ll_isr.o (.text)
                  000027c4    000002f8               : ll_isr.o (.text)
                  00002abc    000002e4     drivers_cc13x2.aem4f : SPICC26X2DMA.oem4f (.text:SPICC26X2DMA_transfer)
                  00002da0    000002e0     ble5_simple_peripheral_cc13x2r1lp_stack_library.lib : icall_startup.obj (.text:startup_entry)
                  00003080    00000258     ll_pxxx.a : ll_ae.o (.text)
                  000032d8    00000254               : ble.o (.text)
                  0000352c    00000230               : ll_scheduler.o (.text)
                  0000375c    00000228     drivers_cc13x2.aem4f : SPICC26X2DMA.oem4f (.text:SPICC26X2DMA_hwiFxn)
                  00003984    00000210     ll_pxxx.a : ll_common.o (.text)
                  00003b94    00000208               : ll_isr.o (.text)
                  00003d9c    00000204     profiles_pxxx.a : gattservapp.o (.text)
                  00003fa0    00000200     ble5_simple_peripheral_cc13x2r1lp_stack_library.lib : gapbondmgr.obj (.text:GAPBondMgr_SetParameter)
                  000041a0    00000200     ll_pxxx.a : ll_scheduler.o (.text)
                  000043a0    000001d0     ble5_simple_peripheral_cc13x2r1lp_stack_library.lib : gapbondmgr.obj (.text:gapBondMgrAddBond$29)
                  00004570    000001c0     drivers_cc13x2.aem4f : PINCC26XX.oem4f (.text:PIN_init)
                  00004730    000001bc     main.obj (.text:AssertHandler)
                  000048ec    000001bc     drivers_cc13x2.aem4f : ECDHCC26X2.oem4f (.text:ECDHCC26X2_runFSM)
                  00004aa8    000001bc     ble5_simple_peripheral_cc13x2r1lp_stack_library.lib : osal.obj (.text:osal_start_system)
                  00004c64    000001b8                                                         : gap.obj (.text:GAP_DeviceInit)
                  00004e1c    000001ac     drivers_cc13x2.aem4f : PowerCC26X2.oem4f (.text:Power_sleep)
                  00004fc8    000001a8     ll_pxxx.a : ll_data.o (.text)
                  00005170    000001a4               : ll_isr.o (.text)
                  00005314    00000190     rf_multiMode_cc13x2.aem4f : RFCC26X2_multiMode.oem4f (.text:RF_scheduleCmd)
                  000054a4    00000190     drivers_cc13x2.aem4f : PowerCC26X2_calibrateRCOSC.oem4f (.text:calibrateRcoscHf1)
                  00005634    00000190     icall.obj (.text:icall_directAPI)
                  000057c4    00000190     ll_pxxx.a : ll.o (.text)
                  00005954    0000018c     drivers_cc13x2.aem4f : PowerCC26X2_calibrateRCOSC.oem4f (.text:runCalibrateFsm)
                  00005ae0    00000180                          : SPICC26X2DMA.oem4f (.text:configNextTransfer)
                  00005c60    00000178     profiles_pxxx.a : gattservapp.o (.text)
                  00005dd8    00000170     rf_multiMode_cc13x2.aem4f : RFCC26X2_multiMode.oem4f (.text:RF_getInfo)
                  00005f48    00000170     drivers_cc13x2.aem4f : SPICC26X2DMA.oem4f (.text:SPICC26X2DMA_transferCancel)
                  000060b8    00000168     nvoctp.obj (.text:NVOCTP_newItem$14)
                  00006220    0000015c     drivers_cc13x2.aem4f : UARTCC26XX.oem4f (.text:UARTCC26XX_open)
                  0000637c    00000154                          : UARTCC26XX.oem4f (.text:UARTCC26XX_hwiIntFxn)
                  000064d0    00000154     ble5_simple_peripheral_cc13x2r1lp_stack_library.lib : gapbondmgr.obj (.text:gapBondMgrAuthenticate$29)
                  00006624    00000150     drivers_cc13x2.aem4f : PowerCC26X2.oem4f (.text:Power_init)
                  00006774    00000148                          : SPICC26X2DMA.oem4f (.text:SPICC26X2DMA_open)
                  000068bc    00000140     nvoctp.obj (.text:NVOCTP_initNvApi$14)
                  000069fc    00000140     drivers_cc13x2.aem4f : SPICC26X2DMA.oem4f (.text:initIO)
                  00006b3c    00000140     ll_pxxx.a : ll_isr.o (.text)
                  00006c7c    0000013c     rf_multiMode_cc13x2.aem4f : RFCC26X2_multiMode.oem4f (.text:RF_dispatchNextCmd)
                  00006db8    00000138     drivers_cc13x2.aem4f : NVSCC26XX.oem4f (.text:NVSCC26XX_write)
                  00006ef0    00000138                          : UARTCC26XX.oem4f (.text:UARTCC26XX_read)
                  00007028    00000134     nvoctp.obj (.text:NVOCTP_compactPage$14)
                  0000715c    00000130     drivers_cc13x2.aem4f : AESCCMCC26XX.oem4f (.text:AESCCM_startOperation)
                  0000728c    0000012c     rf_multiMode_cc13x2.aem4f : RFCC26X2_multiMode.oem4f (.text:RF_init)
                  000073b8    00000128                               : RFCC26X2_multiMode.oem4f (.text:RF_abortCmd)
                  000074e0    00000124     ll_pxxx.a : ll_scheduler.o (.text)
                  00007604    00000120     rf_multiMode_cc13x2.aem4f : RFCC26X2_multiMode.oem4f (.text:RF_fsmSetupState)
                  00007724    00000118                               : RFCC26X2_multiMode.oem4f (.text:RF_decodeOverridePointers)
                  0000783c    00000114     sm_pxxx.a : sm_rsppairing.o (.text)
                  00007950    00000108     rf_multiMode_cc13x2.aem4f : RFCC26X2_multiMode.oem4f (.text:RF_fsmPowerUpState)
                  00007a58    00000108     ll_pxxx.a : ll_common.o (.text)
                  00007b60    00000104     drivers_cc13x2.aem4f : UARTCC26XX.oem4f (.text:UARTCC26XX_write)
                  00007c64    000000f8                          : AESECBCC26XX.oem4f (.text:AESECB_startOperation)
                  00007d5c    000000f8     profiles_pxxx.a : gattservapp.o (.text)
                  00007e54    000000f8     two_btn_menu.obj (.text:tbm_displayItemPage)
                  00007f4c    000000f8     ble_release_pem4f.oem4f (.text:xdc_runtime_System_printfExtend__I)
                  00008044    000000f4     driverlib.lib : sys_ctrl.obj (.text:NOROM_SysCtrlStandby)
                  00008138    000000f2     ble5_simple_peripheral_cc13x2r1lp_stack_library.lib : gapbondmgr.obj (.text:gapBondMgrEraseBonding$29)
                  0000822a    00000002     ble_user_config.obj (.text:DefaultAssertCback)
                  0000822c    000000f0     rf_multiMode_cc13x2.aem4f : RFCC26X2_multiMode.oem4f (.text:RF_open)
                  0000831c    000000f0     simple_gatt_profile.obj (.text:simpleProfile_WriteAttrCB$7)
                  0000840c    000000e8     simple_gatt_profile.obj (.text:SimpleProfile_SetParameter)
                  000084f4    000000e8     ble5_simple_peripheral_cc13x2r1lp_stack_library.lib : osal_timers.obj (.text:osalTimerUpdate)
                  000085dc    000000e4     main.obj (.text:main)
                  000086c0    000000e0     drivers_cc13x2.aem4f : PINCC26XX.oem4f (.text:PINCC26XX_setIoCfg)
                  000087a0    000000de     profiles_pxxx.a : gapgattserver.o (.text)
                  0000887e    000000da     rf_multiMode_cc13x2.aem4f : RFCC26X2_multiMode.oem4f (.text:RF_updatePaConfiguration)
                  00008958    000000d8     driverlib.lib : setup.obj (.text:NOROM_SetupTrimDevice)
                  00008a30    000000d8                   : setup.obj (.text:TrimAfterColdResetWakeupFromShutDown$24)
                  00008b08    000000d4     nvoctp.obj (.text:NVOCTP_readHeader$14)
                  00008bdc    000000d4     rf_multiMode_cc13x2.aem4f : RFCC26X2_multiMode.oem4f (.text:RF_initRadioSetup)
                  00008cb0    000000d4                               : RFCC26X2_multiMode.oem4f (.text:RF_pendCmd)
                  00008d84    000000d4                               : RFCC26X2_multiMode.oem4f (.text:RF_swiHw)
                  00008e58    000000d0     devinfoservice.obj (.text:DevInfo_SetParameter)
                  00008f28    000000cc     rf_multiMode_cc13x2.aem4f : RFCC26X2_multiMode.oem4f (.text:RF_control)
                  00008ff4    000000cc                               : RFCC26X2_multiMode.oem4f (.text:RF_hwiCpe0Active)
                  000090c0    000000cc     ble5_simple_peripheral_cc13x2r1lp_stack_library.lib : gapbondmgr.obj (.text:gapBondMgr_LinkEst$29)
                  0000918c    000000c8     drivers_cc13x2.aem4f : PowerCC26X2.oem4f (.text:Power_releaseDependency)
                  00009254    000000c8     ll_pxxx.a : ll_scheduler.o (.text)
                  0000931c    000000c4     drivers_cc13x2.aem4f : PowerCC26X2.oem4f (.text:Power_setDependency)
                  000093e0    000000c4     profiles_pxxx.a : gapgattserver.o (.text)
                  000094a4    000000c0     drivers_cc13x2.aem4f : UARTCC26XX.oem4f (.text:UARTCC26XX_initIO)
                  00009564    000000c0     ll_pxxx.a : ll_data.o (.text)
                  00009624    000000c0     ble5_simple_peripheral_cc13x2r1lp_stack_library.lib : osal.obj (.text:osal_set_event)
                  000096e4    000000bc     hci_pxxx.a : hci_event.o (.text)
                  000097a0    000000b8     drivers_cc13x2.aem4f : UARTCC26XX.oem4f (.text:UARTCC26XX_initHw)
                  00009858    000000b4     dpl_cc13x2.aem4f : PowerCC26X2_tirtos.oem4f (.text:PowerCC26XX_standbyPolicy)
                  0000990c    000000b4     simple_peripheral.obj (.text:SimplePeripheral_doSetConnPhy)
                  000099c0    000000b4     ll_pxxx.a : ll_scheduler.o (.text)
                  00009a74    000000b0     nvoctp.obj (.text:NVOCTP_findItem$14)
                  00009b24    000000b0     rf_multiMode_cc13x2.aem4f : RFCC26X2_multiMode.oem4f (.text:RF_corePowerDown)
                  00009bd4    000000b0     TRNGCC26XX.obj (.text:TRNGCC26XX_getNumber)
                  00009c84    000000b0     devinfoservice.obj (.text:devInfo_ReadAttrCB$20)
                  00009d34    000000ac     display.aem4f : DisplayUart.oem4f (.text:DisplayUartAnsi_clearLines)
                  00009de0    000000ac     drivers_cc13x2.aem4f : ECDHCC26X2.oem4f (.text:ECDHCC26X2_hwiFxn)
                  00009e8c    000000ac                          : PINCC26XX.oem4f (.text:PIN_open)
                  00009f38    000000ac     gattservapp_util.obj (.text:gattServApp_SendNotiInd$5)
                  00009fe4    000000a8     hci_pxxx.a : hci_data.o (.text)
                  0000a08c    000000a7     display.aem4f : DisplayUart.oem4f (.text:DisplayUartAnsi_open)
                  0000a133    00000001     --HOLE-- [fill = 0]
                  0000a134    000000a4     nvoctp.obj (.text:NVOCTP_checkItem$14)
                  0000a1d8    000000a4     ble5_simple_peripheral_cc13x2r1lp_stack_library.lib : osal.obj (.text:osal_msg_enqueue_push$30)
                  0000a27c    000000a0     drivers_cc13x2.aem4f : UARTCC26XX.oem4f (.text:UARTCC26XX_writeCancel)
                  0000a31c    000000a0     auto_init.aem4f : auto_init.oem4f (.text)
                  0000a3bc    000000a0     rom_sysbios.aem4f : rom_sysbios.obj (.text:ti_sysbios_knl_Task_setPri__E)
                  0000a45c    0000009f     display.aem4f : DisplayUart.oem4f (.text:DisplayUartAnsi_vprintf)
                  0000a4fb    00000001     --HOLE-- [fill = 0]
                  0000a4fc    0000009e     ble5_simple_peripheral_cc13x2r1lp_stack_library.lib : gapbondmgr.obj (.text:gapBondMgrUpdateCharCfg$29)
                  0000a59a    00000002     display.aem4f : DisplayUart.oem4f (.text:DisplayUartAnsi_init)
                  0000a59c    0000009c     drivers_cc13x2.aem4f : UARTCC26XX.oem4f (.text:UARTCC26XX_swiIntFxn)
                  0000a638    0000009c     ble5_simple_peripheral_cc13x2r1lp_stack_library.lib : osal_cbtimer.obj (.text:cbTimerSetup$43)
                  0000a6d4    0000009c                                                         : osal_cbtimer.obj (.text:osal_CbTimerProcessEvent)
                  0000a770    0000009c     rtsv7M4_T_le_v4SPD16_eabi.lib : memcpy_t2.asm.obj (.text)
                  0000a80c    00000098     ble5_simple_peripheral_cc13x2r1lp_stack_library.lib : osal_timers.obj (.text:osal_timer_refTimeUpdate)
                  0000a8a4    00000096     rtsv7M4_T_le_v4SPD16_eabi.lib : ull_div_t2.asm.obj (.text)
                  0000a93a    00000002     driverlib.lib : rfc.obj (.text:NOROM_RFCCpePatchReset)
                  0000a93c    00000094     simple_peripheral.obj (.text:BLESendbackdata)
                  0000a9d0    00000094     ble5_simple_peripheral_cc13x2r1lp_stack_library.lib : gapbondmgr.obj (.text:GAPBondMgr_FindAddr)
                  0000aa64    00000094     icall.obj (.text:ICall_setTimer)
                  0000aaf8    00000094     drivers_cc13x2.aem4f : SPICC26X2DMA.oem4f (.text:SPICC26X2DMA_control)
                  0000ab8c    00000094     ble5_simple_peripheral_cc13x2r1lp_stack_library.lib : gapbondmgr.obj (.text:gapBondMgr_syncResolvingList)
                  0000ac20    00000094     gatt_pxxx.a : gatt_server.o (.text)
                  0000acb4    00000094     ble5_simple_peripheral_cc13x2r1lp_stack_library.lib : osal.obj (.text:osal_msg_receive)
                  0000ad48    00000090     CC1352R1_LAUNCHXL_fxns.obj (.text:CC1352R1_LAUNCHXL_shutDownExtFlash)
                  0000add8    00000090     rf_multiMode_cc13x2.aem4f : RFCC26X2_multiMode.oem4f (.text:RF_discardPendCmd)
                  0000ae68    00000090                               : RFCC26X2_multiMode.oem4f (.text:RF_radioOpDoneCb)
                  0000aef8    00000090     drivers_cc13x2.aem4f : UARTCC26XX.oem4f (.text:writeTxFifoFlush)
                  0000af88    0000008c     icall.obj (.text:ICall_heapMalloc)
                  0000b014    0000008c     simple_peripheral.obj (.text:SimplePeripheral_processParamUpdate)
                  0000b0a0    0000008c     ll_pxxx.a : ll_scheduler.o (.text)
                  0000b12c    0000008c     rom_sysbios.aem4f : rom_sysbios.obj (.text:ti_sysbios_gates_GateMutexPri_enter__E)
                  0000b1b8    00000088     driverlib.lib : osc.obj (.text:NOROM_OSCHF_AttemptToSwitchToXosc)
                  0000b240    00000088     rf_multiMode_cc13x2.aem4f : RFCC26X2_multiMode.oem4f (.text:RF_ratFreeChannel)
                  0000b2c8    00000088     simple_peripheral.obj (.text:SimplePeripheral_updatePHYStat)
                  0000b350    00000088     drivers_cc13x2.aem4f : PowerCC26X2_calibrateRCOSC.oem4f (.text:calibrateRcoscHf2)
                  0000b3d8    00000088                          : PowerCC26X2.oem4f (.text:disableLFClockQualifiers)
                  0000b460    00000088                          : PowerCC26X2_calibrateRCOSC.oem4f (.text:updateSubSecInc)
                  0000b4e8    00000084                          : UARTCC26XX.oem4f (.text:UARTCC26XX_close)
                  0000b56c    00000080                          : ECDHCC26X2.oem4f (.text:ECDH_computeSharedSecret)
                  0000b5ec    00000080     nvoctp.obj (.text:NVOCTP_writeItemApi$14)
                  0000b66c    00000080     drivers_cc13x2.aem4f : NVSCC26XX.oem4f (.text:NVSCC26XX_open)
                  0000b6ec    00000080     rom_sysbios.aem4f : rom_sysbios.obj (.text:ti_sysbios_family_arm_cc26xx_Timer_start__E)
                  0000b76c    0000007e     rf_multiMode_cc13x2.aem4f : RFCC26X2_multiMode.oem4f (.text:RF_verifyGap)
                  0000b7ea    00000002     ble5_simple_peripheral_cc13x2r1lp_stack_library.lib : onboard.obj (.text:Onboard_soft_reset)
                  0000b7ec    0000007c     drivers_cc13x2.aem4f : PowerCC26X2.oem4f (.text:configureXOSCHF)
                  0000b868    0000007c     ble5_simple_peripheral_cc13x2r1lp_stack_library.lib : osal.obj (.text:osal_event_send$30)
                  0000b8e4    0000007a     rtsv7M4_T_le_v4SPD16_eabi.lib : memset_t2.asm.obj (.text)
                  0000b95e    0000007a     simple_gatt_profile.obj (.text:simpleProfile_ReadAttrCB$7)
                  0000b9d8    00000078     drivers_cc13x2.aem4f : ECDHCC26X2.oem4f (.text:ECDH_generatePublicKey)
                  0000ba50    00000078     icall.obj (.text:ICall_heapInit)
                  0000bac8    00000078     rf_multiMode_cc13x2.aem4f : RFCC26X2_multiMode.oem4f (.text:RF_ratDispatchTime)
                  0000bb40    00000078     profiles_pxxx.a : gattservapp.o (.text)
                  0000bbb8    00000074     drivers_cc13x2.aem4f : PowerCC26X2_calibrateRCOSC.oem4f (.text:PowerCC26X2_auxISR)
                  0000bc2c    00000074     rf_multiMode_cc13x2.aem4f : RFCC26X2_multiMode.oem4f (.text:RF_issueRadioFreeCb)
                  0000bca0    00000074                               : RFCC26X2_multiMode.oem4f (.text:RF_setInactivityTimeout)
                  0000bd14    00000074     rom_sysbios.aem4f : rom_sysbios.obj (.text:ti_sysbios_gates_GateMutexPri_leave__E)
                  0000bd88    00000072     rf_multiMode_cc13x2.aem4f : RFCC26X2_multiMode.oem4f (.text:RF_detachOverrides)
                  0000bdfa    00000072     drivers_cc13x2.aem4f : SPICC26X2DMA.oem4f (.text:csnCallback)
                  0000be6c    00000070     icall.obj (.text:ICall_heapGetStats)
                  0000bedc    00000070     driverlib.lib : rfc.obj (.text:NOROM_RFCAnaDivTxOverride)
                  0000bf4c    00000070     drivers_cc13x2.aem4f : PINCC26XX.oem4f (.text:PIN_add)
                  0000bfbc    00000070     rf_multiMode_cc13x2.aem4f : RFCC26X2_multiMode.oem4f (.text:RF_hwiHw)
                  0000c02c    00000070     ble5_simple_peripheral_cc13x2r1lp_stack_library.lib : ble_dispatch_lite.obj (.text:ble_dispatch_liteProcess)
                  0000c09c    00000070                                                         : gapbondmgr.obj (.text:gapBondMgrBondReq$29)
                  0000c10c    00000070     gatt_pxxx.a : gatt_server.o (.text)
                  0000c17c    0000006e     rf_multiMode_cc13x2.aem4f : RFCC26X2_multiMode.oem4f (.text:RF_attachOverrides)
                  0000c1ea    0000006e     gatt_pxxx.a : gatt_server.o (.text)
                  0000c258    0000006e     ll_pxxx.a : ll_common.o (.text)
                  0000c2c6    00000002     rf_multiMode_cc13x2.aem4f : RFCC26X2_multiMode.oem4f (.text:RF_defaultCallback)
                  0000c2c8    0000006d     rom_sysbios.aem4f : rom_sysbios.obj (.text:xdc_runtime_System_formatNum__I)
                  0000c335    00000001     --HOLE-- [fill = 0]
                  0000c336    00000002     rtsv7M4_T_le_v4SPD16_eabi.lib : _lock.c.obj (.text:_nop)
                  0000c338    0000006c     simple_peripheral.obj (.text:SimplePeripheral_clearConnListEntry)
                  0000c3a4    0000006c     drivers_cc13x2.aem4f : UARTCC26XX.oem4f (.text:UARTCC26XX_readCancel)
                  0000c410    0000006c     ll_pxxx.a : ll_scheduler.o (.text)
                  0000c47c    0000006a     rf_multiMode_cc13x2.aem4f : RFCC26X2_multiMode.oem4f (.text:RF_howToSchedule)
                  0000c4e6    0000006a     ble5_simple_peripheral_cc13x2r1lp_stack_library.lib : gapbondmgr.obj (.text:gapBondMgrEraseLocalInfo$29)
                  0000c550    00000068     icall.obj (.text:ICall_enrollService)
                  0000c5b8    00000068     icall.obj (.text:ICall_send)
                  0000c620    00000068     rf_multiMode_cc13x2.aem4f : RFCC26X2_multiMode.oem4f (.text:RF_getCurrentTime)
                  0000c688    00000068                               : RFCC26X2_multiMode.oem4f (.text:RF_ratDisableChannel)
                  0000c6f0    00000068                               : RFCC26X2_multiMode.oem4f (.text:RF_ratSetupChannel)
                  0000c758    00000068     rtsv7M4_T_le_v4SPD16_eabi.lib : copy_decompress_lzss.c.obj (.text:decompress:lzss:__TI_decompress_lzss)
                  0000c7c0    00000068     ll_pxxx.a : ll_isr.o (.text)
                  0000c828    00000068     ble5_simple_peripheral_cc13x2r1lp_stack_library.lib : osal_cbtimer.obj (.text:osal_CbTimerUpdate)
                  0000c890    00000068     profiles_pxxx.a : gattservapp.o (.text)
                  0000c8f8    00000066     rf_multiMode_cc13x2.aem4f : RFCC26X2_multiMode.oem4f (.text:RF_syncCb)
                  0000c95e    00000002     drivers_cc13x2.aem4f : PowerCC26X2.oem4f (.text:emptyClockFunc)
                  0000c960    00000064                          : AESCCMCC26XX.oem4f (.text:AESCCM_waitForResult)
                  0000c9c4    00000064                          : CryptoResourceCC26XX.oem4f (.text:CryptoResourceCC26XX_constructRTOSObjects)
                  0000ca28    00000064                          : ECDHCC26X2.oem4f (.text:ECDH_open)
                  0000ca8c    00000064     driverlib.lib : osc.obj (.text:NOROM_OSCHF_SwitchToRcOscTurnOffXosc)
                  0000caf0    00000064     drivers_cc13x2.aem4f : PKAResourceCC26XX.oem4f (.text:PKAResourceCC26XX_constructRTOSObjects)
                  0000cb54    00000064                          : UARTCC26XX.oem4f (.text:UARTCC26XX_control)
                  0000cbb8    00000064     profiles_pxxx.a : gapgattserver.o (.text)
                  0000cc1c    00000064                     : gattservapp.o (.text)
                  0000cc80    00000060     drivers_cc13x2.aem4f : AESCCMCC26XX.oem4f (.text:AESCCM_hwiFxn)
                  0000cce0    00000060                          : AESCCMCC26XX.oem4f (.text:AESCCM_open)
                  0000cd40    00000060                          : AESECBCC26XX.oem4f (.text:AESECB_hwiFxn)
                  0000cda0    00000060                          : AESECBCC26XX.oem4f (.text:AESECB_open)
                  0000ce00    00000060                          : AESECBCC26XX.oem4f (.text:AESECB_waitForResult)
                  0000ce60    00000060     icall.obj (.text:ICall_createRemoteTasksAtRuntime)
                  0000cec0    00000060     icall.obj (.text:ICall_sendServiceComplete)
                  0000cf20    00000060     nvoctp.obj (.text:NVOCTP_copyItem$14)
                  0000cf80    00000060     nvoctp.obj (.text:NVOCTP_readItemApi$14)
                  0000cfe0    00000060     rf_multiMode_cc13x2.aem4f : RFCC26X2_multiMode.oem4f (.text:RF_applyRfCorePatch)
                  0000d040    00000060                               : RFCC26X2_multiMode.oem4f (.text:RF_dispatchNextEvent)
                  0000d0a0    00000060                               : RFCC26X2_multiMode.oem4f (.text:RF_ratAllocChannel)
                  0000d100    00000060                               : RFCC26X2_multiMode.oem4f (.text:RF_ratArmChannel)
                  0000d160    00000060     profiles_pxxx.a : gattservapp.o (.text)
                  0000d1c0    0000005e     icall.obj (.text:ICall_fetchMsg)
                  0000d21e    0000005e     ll_pxxx.a : ll_isr.o (.text)
                  0000d27c    0000005c     drivers_cc13x2.aem4f : AESCCMCC26XX.oem4f (.text:AESCCM_cleanup)
                  0000d2d8    0000005c     display.aem4f : Display.oem4f (.text:Display_doOpen)
                  0000d334    0000005c     icall.obj (.text:ICall_pwrUpdActivityCounter)
                  0000d390    0000005c     nvoctp.obj (.text:NVOCTP_readItem$14)
                  0000d3ec    0000005c     drivers_cc13x2.aem4f : PINCC26XX.oem4f (.text:PIN_remove)
                  0000d448    0000005c     rf_multiMode_cc13x2.aem4f : RFCC26X2_multiMode.oem4f (.text:RF_fsmXOSCState)
                  0000d4a4    0000005c                               : RFCC26X2_multiMode.oem4f (.text:RF_hwiCpe0PowerFsm)
                  0000d500    0000005c     drivers_cc13x2.aem4f : NVSCC26XX.oem4f (.text:doErase)
                  0000d55c    0000005c                          : SPICC26X2DMA.oem4f (.text:initHw)
                  0000d5b8    0000005c     ll_pxxx.a : ll_scheduler.o (.text)
                  0000d614    0000005c     profiles_pxxx.a : gattservapp.o (.text)
                  0000d670    0000005c     ble_release_pem4f.oem4f (.text:xdc_runtime_Startup_getState__I)
                  0000d6cc    00000058     icall.obj (.text:ICall_wait)
                  0000d724    00000058     nvoctp.obj (.text:NVOCTP_doNVCRC$14)
                  0000d77c    00000058     drivers_cc13x2.aem4f : PowerCC26X2_calibrateRCOSC.oem4f (.text:PowerCC26X2_initiateCalibration)
                  0000d7d4    00000058     rf_multiMode_cc13x2.aem4f : RFCC26X2_multiMode.oem4f (.text:RF_cmdDispatchTime)
                  0000d82c    00000058     boot.aem4f : boot.oem4f (.text)
                  0000d884    00000058     ble5_simple_peripheral_cc13x2r1lp_stack_library.lib : gapbondmgr.obj (.text:gapBondMgr_UpdateCharCfg$29)
                  0000d8dc    00000058                                                         : osal_cbtimer.obj (.text:osal_CbTimerStop)
                  0000d934    00000056                                                         : gapbondmgr.obj (.text:gapBondMgrChangeState$29)
                  0000d98a    00000056                                                         : gapbondmgr.obj (.text:gapBondMgrSetStateFlagFromConnhandle$29)
                  0000d9e0    00000054     drivers_cc13x2.aem4f : NVSCC26XX.oem4f (.text:NVSCC26XX_init)
                  0000da34    00000054     simple_gatt_profile.obj (.text:SimpleProfile_AddService)
                  0000da88    00000054     util.obj (.text:Util_constructClock)
                  0000dadc    00000054     ble5_simple_peripheral_cc13x2r1lp_stack_library.lib : gapbondmgr.obj (.text:gapBondStateDoGATTDisc$29)
                  0000db30    00000054     profiles_pxxx.a : gattservapp.o (.text)
                  0000db84    00000052     rf_multiMode_cc13x2.aem4f : RFCC26X2_multiMode.oem4f (.text:RF_defaultSubmitPolicy)
                  0000dbd6    00000002     drivers_cc13x2.aem4f : CryptoResourceCC26XX.oem4f (.text:errorSpin)
                  0000dbd8    00000050     dpl_cc13x2.aem4f : ClockP_tirtos.oem4f (.text:ClockP_construct)
                  0000dc28    00000050     nvoctp.obj (.text:NVOCTP_findOffset$14)
                  0000dc78    00000050     rf_multiMode_cc13x2.aem4f : RFCC26X2_multiMode.oem4f (.text:RF_ratGenerateChCmd)
                  0000dcc8    00000050                               : RFCC26X2_multiMode.oem4f (.text:RF_wakeupNotification)
                  0000dd18    00000050     drivers_cc13x2.aem4f : SPICC26X2DMA.oem4f (.text:SPICC26X2DMA_close)
                  0000dd68    00000050     simple_gatt_profile.obj (.text:SimpleProfile_GetParameter)
                  0000ddb8    00000050     ll_pxxx.a : ll_scheduler.o (.text)
                  0000de08    00000050               : ll_scheduler.o (.text)
                  0000de58    0000004c     icall.obj (.text:ICall_newTask$15)
                  0000dea4    0000004c     icall.obj (.text:ICall_registerApp)
                  0000def0    0000004c     driverlib.lib : chipinfo.obj (.text:NOROM_ChipInfo_GetChipType)
                  0000df3c    0000004c     nvoctp.obj (.text:NVOCTP_write$14)
                  0000df88    0000004c     rf_multiMode_cc13x2.aem4f : RFCC26X2_multiMode.oem4f (.text:RF_ratRestartChannels)
                  0000dfd4    0000004c     drivers_cc13x2.aem4f : UDMACC26XX.oem4f (.text:UDMACC26XX_open)
                  0000e020    0000004c     rtsv7M4_T_le_v4SPD16_eabi.lib : cpy_tbl.c.obj (.text:copy_in)
                  0000e06c    0000004c     ble5_simple_peripheral_cc13x2r1lp_stack_library.lib : gapbondmgr.obj (.text:gapBondMgrReadBonds$29)
                  0000e0b8    0000004c                                                         : osal_bufmgr.obj (.text:osal_bm_free)
                  0000e104    0000004c     profiles_pxxx.a : gattservapp.o (.text)
                  0000e150    0000004c     drivers_cc13x2.aem4f : UARTCC26XX.oem4f (.text:startTxFifoEmptyClk)
                  0000e19c    00000048     CC1352R1_LAUNCHXL_fxns.obj (.text:CC1352R1_LAUNCHXL_wakeUpExtFlash)
                  0000e1e4    00000048     drivers_cc13x2.aem4f : ECDHCC26X2.oem4f (.text:ECDHCC26X2_convertReturnValue)
                  0000e22c    00000048     driverlib.lib : rfc.obj (.text:NOROM_RFCSynthPowerDown)
                  0000e274    00000048     drivers_cc13x2.aem4f : NVS.oem4f (.text:NVS_open)
                  0000e2bc    00000048                          : PINCC26XX.oem4f (.text:PIN_setOutputEnable)
                  0000e304    00000048                          : PowerCC26X2_calibrateRCOSC.oem4f (.text:PowerCC26X2_RCOSC_clockFunc)
                  0000e34c    00000048                          : PowerCC26X2.oem4f (.text:PowerCC26XX_switchXOSC_HF)
                  0000e394    00000048                          : NVSCC26XX.oem4f (.text:disableFlashCache)
                  0000e3dc    00000048     ble5_simple_peripheral_cc13x2r1lp_stack_library.lib : gapbondmgr.obj (.text:gapBondMgrUpdateLruBondList$29)
                  0000e424    00000048                                                         : gapbondmgr.obj (.text:gapBondMgr_ReadGattChar$29)
                  0000e46c    00000048                                                         : gapbondmgr.obj (.text:gapBondStateStartNextGATTDisc$29)
                  0000e4b4    00000048                                                         : osal_timers.obj (.text:osalAddTimer)
                  0000e4fc    00000048     CC1352R1_LAUNCHXL_fxns.obj (.text:rfDriverCallback)
                  0000e544    00000048     drivers_cc13x2.aem4f : PowerCC26X2.oem4f (.text:switchXOSCHF)
                  0000e58c    00000048                          : UARTCC26XX.oem4f (.text:writeFinishedDoCallback)
                  0000e5d4    00000046                          : RingBuf.oem4f (.text:RingBuf_put)
                  0000e61a    00000002                          : PKAResourceCC26XX.oem4f (.text:errorSpin)
                  0000e61c    00000044                          : CryptoResourceCC26XX.oem4f (.text:CryptoResourceCC26XX_destructRTOSObjects)
                  0000e660    00000044                          : ECDHCC26X2.oem4f (.text:ECDHCC26X2_waitForResult)
                  0000e6a4    00000044     ble5_simple_peripheral_cc13x2r1lp_stack_library.lib : gapbondmgr.obj (.text:GAPBondMgr_Pair)
                  0000e6e8    00000044     nvoctp.obj (.text:NVOCTP_setPageActive$14)
                  0000e72c    00000044     drivers_cc13x2.aem4f : NVSCC26XX.oem4f (.text:NVSCC26XX_read)
                  0000e770    00000044                          : PINCC26XX.oem4f (.text:PIN_swi)
                  0000e7b4    00000044                          : PKAResourceCC26XX.oem4f (.text:PKAResourceCC26XX_destructRTOSObjects)
                  0000e7f8    00000044     rf_multiMode_cc13x2.aem4f : RFCC26X2_multiMode.oem4f (.text:RF_cmdGet)
                  0000e83c    00000044                               : RFCC26X2_multiMode.oem4f (.text:RF_cmdStoreEvents)
                  0000e880    00000044     drivers_cc13x2.aem4f : SPI.oem4f (.text:SPI_init)
                  0000e8c4    00000044     simple_peripheral.obj (.text:SimplePeripheral_clockHandler)
                  0000e908    00000044     simple_peripheral.obj (.text:SimplePeripheral_doSelectConn)
                  0000e94c    00000044     drivers_cc13x2.aem4f : UART.oem4f (.text:UART_init)
                  0000e990    00000044     ble5_simple_peripheral_cc13x2r1lp_stack_library.lib : osal_timers.obj (.text:osal_start_timerEx)
                  0000e9d4    00000042     drivers_cc13x2.aem4f : SPICC26X2DMA.oem4f (.text:SPICC26X2DMA_swiFxn)
                  0000ea16    00000002     ble5_simple_peripheral_cc13x2r1lp_stack_library.lib : hal_assert.obj (.text:halAssertHandler)
                  0000ea18    00000040     simple_peripheral.obj (.text:Mscounter_clockHandler)
                  0000ea58    00000040     nvoctp.obj (.text:NVOCTP_compactNvApi$14)
                  0000ea98    00000040     drivers_cc13x2.aem4f : PowerCC26X2.oem4f (.text:PowerCC26XX_isStableXOSC_HF)
                  0000ead8    00000040     rf_multiMode_cc13x2.aem4f : RFCC26X2_multiMode.oem4f (.text:RF_updateHpOscOverride)
                  0000eb18    00000040     drivers_cc13x2.aem4f : RingBuf.oem4f (.text:RingBuf_get)
                  0000eb58    00000040     simple_peripheral.obj (.text:SimplePeripheral_createTask)
                  0000eb98    00000040     ll_pxxx.a : ll_scheduler.o (.text)
                  0000ebd8    00000040     profiles_pxxx.a : gattservapp.o (.text)
                  0000ec18    00000040     rtsv7M4_T_le_v4SPD16_eabi.lib : u_divt2.asm.obj (.text)
                  0000ec58    00000040     rom_sysbios.aem4f : rom_sysbios.obj (.text:ti_sysbios_family_arm_cc26xx_Timer_setThreshold__I)
                  0000ec98    00000040                       : rom_sysbios.obj (.text:ti_sysbios_heaps_HeapCallback_Module_startup__E)
                  0000ecd8    0000003e     dpl_cc13x2.aem4f : HwiP_tirtos.oem4f (.text:HwiP_construct)
                  0000ed16    0000003e     simple_peripheral.obj (.text:SimplePeripheral_passcodeCb)
                  0000ed54    0000003c     drivers_cc13x2.aem4f : AESCCMCC26XX.oem4f (.text:AESCCM_init)
                  0000ed90    0000003c                          : AESECBCC26XX.oem4f (.text:AESECB_init)
                  0000edcc    0000003c                          : ECDHCC26X2.oem4f (.text:ECDH_init)
                  0000ee08    0000003c                          : PINCC26XX.oem4f (.text:PIN_setInterrupt)
                  0000ee44    0000003c                          : PINCC26XX.oem4f (.text:PIN_setOutputValue)
                  0000ee80    0000003c     rf_multiMode_cc13x2.aem4f : RFCC26X2_multiMode.oem4f (.text:RF_calculateDispatchTime)
                  0000eebc    0000003c     drivers_cc13x2.aem4f : SPI.oem4f (.text:SPI_open)
                  0000eef8    0000003c     simple_peripheral.obj (.text:SimplePeripheral_setPhy)
                  0000ef34    0000003c     simple_peripheral.obj (.text:SimplePeripheral_stopAutoPhyChange)
                  0000ef70    0000003c     dpl_cc13x2.aem4f : SwiP_tirtos.oem4f (.text:SwiP_construct)
                  0000efac    0000003c     drivers_cc13x2.aem4f : UART.oem4f (.text:UART_open)
                  0000efe8    0000003c                          : NVSCC26XX.oem4f (.text:checkEraseRange)
                  0000f024    0000003c     ble5_simple_peripheral_cc13x2r1lp_stack_library.lib : gapbondmgr.obj (.text:gapBondMgr_SupportsCentAddrRes$29)
                  0000f060    0000003c     hci_tl_none.a : hci_tl.o (.text)
                  0000f09c    0000003c     ll_pxxx.a : ll_scheduler.o (.text)
                  0000f0d8    0000003c     ble5_simple_peripheral_cc13x2r1lp_stack_library.lib : osal_bufmgr.obj (.text:osal_bm_alloc)
                  0000f114    0000003c                                                         : osal_timers.obj (.text:osal_start_reload_timer)
                  0000f150    0000003c     profiles_pxxx.a : gattservapp.o (.text)
                  0000f18c    0000003c                     : gattservapp.o (.text)
                  0000f1c8    0000003c     rom_sysbios.aem4f : rom_sysbios.obj (.text:ti_sysbios_family_arm_m3_Hwi_construct2__E)
                  0000f204    0000003a     simple_peripheral.obj (.text:Num2hex_float)
                  0000f23e    00000002     ble5_simple_peripheral_cc13x2r1lp_stack_library.lib : hal_assert.obj (.text:halAssertSpinlock)
                  0000f240    00000038     driverlib.lib : osc.obj (.text:NOROM_OSC_HPOSCRelativeFrequencyOffsetGet)
                  0000f278    00000038     nvoctp.obj (.text:NVOCTP_erase$14)
                  0000f2b0    00000038     drivers_cc13x2.aem4f : PINCC26XX.oem4f (.text:PIN_setConfig)
                  0000f2e8    00000038     simple_peripheral.obj (.text:SpiCallbackfn)
                  0000f320    00000038     ble5_simple_peripheral_cc13x2r1lp_stack_library.lib : osal_bufmgr.obj (.text:bm_desc_from_payload$31)
                  0000f358    00000038     ll_pxxx.a : ll.o (.text)
                  0000f390    00000038               : ll_common.o (.text)
                  0000f3c8    00000038               : ll_scheduler.o (.text)
                  0000f400    00000038     drivers_cc13x2.aem4f : PowerCC26X2.oem4f (.text:notify)
                  0000f438    00000038     ble5_simple_peripheral_cc13x2r1lp_stack_library.lib : osal.obj (.text:osal_alien2proxy)
                  0000f470    00000038                                                         : osal.obj (.text:osal_msec_timer_cback$30)
                  0000f4a8    00000038                                                         : osal_timers.obj (.text:osal_stop_timerEx)
                  0000f4e0    00000038     drivers_cc13x2.aem4f : UARTCC26XX.oem4f (.text:readData)
                  0000f518    00000038     two_btn_menu.obj (.text:tbm_goTo)
                  0000f550    00000038     rom_sysbios.aem4f : rom_sysbios.obj (.text:ti_sysbios_family_arm_cc26xx_Timer_getCurrentTick__E)
                  0000f588    00000038     drivers_cc13x2.aem4f : UARTCC26XX.oem4f (.text:writeData)
                  0000f5c0    00000036                          : UDMACC26XX.oem4f (.text:UDMACC26XX_close)
                  0000f5f6    00000036     rom_sysbios.aem4f : rom_sysbios.obj (.text:ti_sysbios_family_arm_cc26xx_Timer_setNextTick__E)
                  0000f62c    00000034     gattservapp_util.obj (.text:GATTServApp_InitCharCfg)
                  0000f660    00000034     icall.obj (.text:ICall_heapFree)
                  0000f694    00000034     icall.obj (.text:ICall_searchServiceEntity)
                  0000f6c8    00000034     driverlib.lib : sys_ctrl.obj (.text:NOROM_SysCtrlIdle)
                  0000f6fc    00000034     nvoctp.obj (.text:NVOCTP_setItemInactive$14)
                  0000f730    00000034     drivers_cc13x2.aem4f : PowerCC26X2.oem4f (.text:Power_releaseConstraint)
                  0000f764    00000034                          : PowerCC26X2.oem4f (.text:Power_setConstraint)
                  0000f798    00000034     rf_multiMode_cc13x2.aem4f : RFCC26X2_multiMode.oem4f (.text:RF_cacheFsCmd)
                  0000f7cc    00000034                               : RFCC26X2_multiMode.oem4f (.text:RF_checkCmdFsError)
                  0000f800    00000034                               : RFCC26X2_multiMode.oem4f (.text:RF_powerConstraintRelease)
                  0000f834    00000034                               : RFCC26X2_multiMode.oem4f (.text:RF_ratGenerateIoCmd)
                  0000f868    00000034                               : RFCC26X2_multiMode.oem4f (.text:RF_runDirectImmediateCmd)
                  0000f89c    00000034     util.obj (.text:Util_enqueueMsg)
                  0000f8d0    00000034     ble5_simple_peripheral_cc13x2r1lp_stack_library.lib : gapbondmgr.obj (.text:gapBondStateEnd$29)
                  0000f904    00000034     hci_tl_none.a : hci_tl.o (.text)
                  0000f938    00000034     ll_pxxx.a : ll_scheduler.o (.text)
                  0000f96c    00000034     ble5_simple_peripheral_cc13x2r1lp_stack_library.lib : osal.obj (.text:osal_clear_event)
                  0000f9a0    00000034     drivers_cc13x2.aem4f : UARTCC26XX.oem4f (.text:readData2RingBuf)
                  0000f9d4    00000034     two_btn_menu.obj (.text:tbm_findActiveItem)
                  0000fa08    00000034     rom_sysbios.aem4f : rom_sysbios.obj (.text:ti_sysbios_knl_Swi_setPri__E)
                  0000fa3c    00000032     icall.obj (.text:ICall_fetchServiceMsg)
                  0000fa6e    00000032     rom_sysbios.aem4f : rom_sysbios.obj (.text:ti_sysbios_gates_GateMutexPri_insertPri__I)
                  0000faa0    00000030     ble5_simple_peripheral_cc13x2r1lp_stack_library.lib : gapbondmgr.obj (.text:GAPBondMgr_PasscodeRsp)
                  0000fad0    00000030     icall.obj (.text:ICall_dispatch$15)
                  0000fb00    00000030     icall.obj (.text:ICall_msecs2Ticks$15)
                  0000fb30    00000030     icall.obj (.text:ICall_primEntityId2ServiceId$15)
                  0000fb60    00000030     drivers_cc13x2.aem4f : NVSCC26XX.oem4f (.text:NVSCC26XX_erase)
                  0000fb90    00000030                          : PINCC26XX.oem4f (.text:PINCC26XX_setMux)
                  0000fbc0    00000030     rf_multiMode_cc13x2.aem4f : RFCC26X2_multiMode.oem4f (.text:RF_calculateDeltaTimeUs)
                  0000fbf0    00000030                               : RFCC26X2_multiMode.oem4f (.text:RF_extractPaConfiguration)
                  0000fc20    00000030     simple_peripheral.obj (.text:SimplePeripheral_enqueueMsg)
                  0000fc50    00000030     ll_pxxx.a : ll_scheduler.o (.text)
                  0000fc80    00000030     ble5_simple_peripheral_cc13x2r1lp_stack_library.lib : osal_timers.obj (.text:osal_get_timeoutEx)
                  0000fcb0    00000030                                                         : osal_snv_wrapper.obj (.text:osal_snv_read)
                  0000fce0    00000030     ble_release_pem4f.oem4f (.text:ti_sysbios_BIOS_atExitFunc__I)
                  0000fd10    00000030     ble_release_pem4f.oem4f (.text:ti_sysbios_BIOS_startFunc__I)
                  0000fd40    00000030     rom_sysbios.aem4f : rom_sysbios.obj (.text:ti_sysbios_family_arm_cc26xx_Timer_initDevice__I)
                  0000fd70    00000030     ble_release_pem4f.oem4f (.text:ti_sysbios_gates_GateMutexPri_Object__create__S)
                  0000fda0    00000030     ble_release_pem4f.oem4f (.text:ti_sysbios_gates_GateMutexPri_create)
                  0000fdd0    00000030     ble_release_pem4f.oem4f (.text:ti_sysbios_heaps_HeapCallback_Object__create__S)
                  0000fe00    0000002e     icall_cc2650.obj (.text:ICallPlatform_pwrDispenseImpl$16)
                  0000fe2e    0000002e     icall_cc2650.obj (.text:ICallPlatform_pwrRequireImpl$16)
                  0000fe5c    0000002e     ble5_simple_peripheral_cc13x2r1lp_stack_library.lib : osal.obj (.text:osal_build_uint32)
                  0000fe8a    0000002e     profiles_pxxx.a : gattservapp.o (.text)
                  0000feb8    0000002c     icall.obj (.text:ICall_msgEnqueue$15)
                  0000fee4    0000002c     icall.obj (.text:ICall_searchTask$15)
                  0000ff10    0000002c     drivers_cc13x2.aem4f : NVS.oem4f (.text:NVS_init)
                  0000ff3c    0000002c     rf_multiMode_cc13x2.aem4f : RFCC26X2_multiMode.oem4f (.text:RF_executeDirectImmediateCmd)
                  0000ff68    0000002c                               : RFCC26X2_multiMode.oem4f (.text:RF_ratReleaseChannels)
                  0000ff94    0000002c                               : RFCC26X2_multiMode.oem4f (.text:RF_searchAndReplacePAOverride)
                  0000ffc0    0000002c     dpl_cc13x2.aem4f : SemaphoreP_tirtos.oem4f (.text:SemaphoreP_constructBinary)
                  0000ffec    0000002c                      : SemaphoreP_tirtos.oem4f (.text:SemaphoreP_createBinary)
                  00010018    0000002c     ble5_simple_peripheral_cc13x2r1lp_stack_library.lib : ble_dispatch_lite.obj (.text:bleDispatch_BMAlloc)
                  00010044    0000002c                                                         : gapbondmgr.obj (.text:gapBondMgr_SyncWhiteList$29)
                  00010070    0000002c     gatt_pxxx.a : gatt_task.o (.text)
                  0001009c    0000002c     profiles_pxxx.a : gattservapp.o (.text)
                  000100c8    0000002c     rom_sysbios.aem4f : rom_sysbios.obj (.text:ti_sysbios_knl_Clock_getTicksUntilInterrupt__E)
                  000100f4    0000002a     display.aem4f : DisplayUart.oem4f (.text:DisplayUartAnsi_clear)
                  0001011e    0000002a                   : Display.oem4f (.text:Display_doPrintf)
                  00010148    0000002a     drivers_cc13x2.aem4f : List.oem4f (.text:List_insert)
                  00010172    0000002a     nvoctp.obj (.text:NVOCTP_verifyCRC$14)
                  0001019c    0000002a     simple_peripheral.obj (.text:Num2hex_byte)
                  000101c6    0000002a     rf_multiMode_cc13x2.aem4f : RFCC26X2_multiMode.oem4f (.text:RF_ratSuspendChannels)
                  000101f0    0000002a     simple_peripheral.obj (.text:SimplePeripheral_pairStateCb)
                  0001021a    0000002a     rom_sysbios.aem4f : rom_sysbios.obj (.text:ti_sysbios_knl_Clock_getTimeout__E)
                  00010244    00000028     drivers_cc13x2.aem4f : AESECBCC26XX.oem4f (.text:AESECB_cleanup)
                  0001026c    00000028     devinfoservice.obj (.text:DevInfo_AddService)
                  00010294    00000028     icall.obj (.text:ICall_getLocalMsgEntityId)
                  000102bc    00000028     driverlib.lib : osc.obj (.text:NOROM_OSCHF_TurnOnXosc)
                  000102e4    00000028                   : rfc.obj (.text:NOROM_RFCOverrideSearch)
                  0001030c    00000028     dpl_cc13x2.aem4f : PowerCC26X2_tirtos.oem4f (.text:PowerCC26XX_schedulerDisable)
                  00010334    00000028                      : PowerCC26X2_tirtos.oem4f (.text:PowerCC26XX_schedulerRestore)
                  0001035c    00000028     drivers_cc13x2.aem4f : PowerCC26X2.oem4f (.text:Power_registerNotify)
                  00010384    00000028     rf_multiMode_cc13x2.aem4f : RFCC26X2_multiMode.oem4f (.text:RF_cmdAlloc)
                  000103ac    00000028                               : RFCC26X2_multiMode.oem4f (.text:RF_runScheduleCmd)
                  000103d4    00000028     simple_peripheral.obj (.text:SimplePeripheral_updateRPA)
                  000103fc    00000028     TRNGCC26XX.obj (.text:TRNGCC26XX_init)
                  00010424    00000028     drivers_cc13x2.aem4f : SPICC26X2DMA.oem4f (.text:flushFifos)
                  0001044c    00000028     ble5_simple_peripheral_cc13x2r1lp_stack_library.lib : osal_bufmgr.obj (.text:osal_bm_adjust_header)
                  00010474    00000028                                                         : osal_timers.obj (.text:osal_next_timeout)
                  0001049c    00000028                                                         : osal_snv_wrapper.obj (.text:osal_snv_write)
                  000104c4    00000028     drivers_cc13x2.aem4f : PowerCC26X2.oem4f (.text:oscillatorISR)
                  000104ec    00000028                          : NVSCC26XX.oem4f (.text:restoreFlashCache)
                  00010514    00000028     two_btn_menu.obj (.text:tbm_setItemStatus)
                  0001053c    00000026     drivers_cc13x2.aem4f : List.oem4f (.text:List_put)
                  00010562    00000026                          : List.oem4f (.text:List_putHead)
                  00010588    00000026                          : List.oem4f (.text:List_remove)
                  000105ae    00000026     simple_peripheral.obj (.text:SimplePeripheral_advCallback)
                  000105d4    00000024     driverlib.lib : rfc.obj (.text:NOROM_RFCDoorbellSendTo)
                  000105f8    00000024     rf_multiMode_cc13x2.aem4f : RFCC26X2_multiMode.oem4f (.text:RF_clkPowerUp)
                  0001061c    00000024                               : RFCC26X2_multiMode.oem4f (.text:RF_invokeGlobalCallback)
                  00010640    00000024                               : RFCC26X2_multiMode.oem4f (.text:RF_isStateTransitionAllowed)
                  00010664    00000024     ble5_simple_peripheral_cc13x2r1lp_stack_library.lib : gapbondmgr.obj (.text:gapBondMgr_isDevicePrivacyModeSupported$29)
                  00010688    00000024     gatt_pxxx.a : gatt_server.o (.text)
                  000106ac    00000024     drivers_cc13x2.aem4f : PowerCC26X2_calibrateRCOSC.oem4f (.text:getTdcSemaphore)
                  000106d0    00000024     rtsv7M4_T_le_v4SPD16_eabi.lib : memcmp.c.obj (.text:memcmp)
                  000106f4    00000024     ble5_simple_peripheral_cc13x2r1lp_stack_library.lib : osal.obj (.text:osal_msg_allocate)
                  00010718    00000024                                                         : osal.obj (.text:osal_service_entry)
                  0001073c    00000024     profiles_pxxx.a : gapgattserver.o (.text)
                  00010760    00000024     ble_release_pem4f.oem4f (.text:ti_sysbios_BIOS_registerRTSLock__I)
                  00010784    00000024     ble_release_pem4f.oem4f (.text:ti_sysbios_BIOS_removeRTSLock__I)
                  000107a8    00000024     rom_sysbios.aem4f : rom_sysbios.obj (.text:ti_sysbios_family_arm_cc26xx_Timer_getMaxTicks__E)
                  000107cc    00000024     ble_release_pem4f.oem4f (.text:ti_sysbios_gates_GateMutexPri_Object__delete__S)
                  000107f0    00000024     ble_release_pem4f.oem4f (.text:ti_sysbios_heaps_HeapCallback_Object__delete__S)
                  00010814    00000022     icall.obj (.text:ICall_setTimerMSecs)
                  00010836    00000022     drivers_cc13x2.aem4f : List.oem4f (.text:List_get)
                  00010858    00000022     rf_multiMode_cc13x2.aem4f : RFCC26X2_multiMode.oem4f (.text:RF_getPAOverrideOffsetAndValue)
                  0001087a    00000022                               : RFCC26X2_multiMode.oem4f (.text:RF_isRadioSetup)
                  0001089c    00000022     simple_peripheral.obj (.text:SimplePeripheral_charValueChangeCB)
                  000108be    00000022     gatt_pxxx.a : gatt_server.o (.text)
                  000108e0    00000020     drivers_cc13x2.aem4f : ECDHCC26X2.oem4f (.text:ECDHCC26X2_internalCallbackFxn)
                  00010900    00000020     driverlib.lib : pka.obj (.text:NOROM_PKAClearPkaRam)
                  00010920    00000020     drivers_cc13x2.aem4f : PowerCC26X2.oem4f (.text:Power_unregisterNotify)
                  00010940    00000020     rf_multiMode_cc13x2.aem4f : RFCC26X2_multiMode.oem4f (.text:RF_hwiCpe0ChangePhy)
                  00010960    00000020                               : RFCC26X2_multiMode.oem4f (.text:RF_ratIsRunning)
                  00010980    00000020                               : RFCC26X2_multiMode.oem4f (.text:RF_setTxPower)
                  000109a0    00000020                               : RFCC26X2_multiMode.oem4f (.text:RF_swiFsm)
                  000109c0    00000020     simple_peripheral.obj (.text:SimplePeripheral_getConnIndex)
                  000109e0    00000020     crc.obj (.text:crc_update)
                  00010a00    00000020     ble5_simple_peripheral_cc13x2r1lp_stack_library.lib : gapbondmgr.obj (.text:gapBondGetStateFromConnHandle$29)
                  00010a20    00000020                                                         : gapbondmgr.obj (.text:gapBondMgrGetStateFlags$29)
                  00010a40    00000020     gattservapp_util.obj (.text:gattServApp_FindCharCfgItem$5)
                  00010a60    00000020     ll_pxxx.a : ll_isr.o (.text)
                  00010a80    00000020     ble5_simple_peripheral_cc13x2r1lp_stack_library.lib : osal_timers.obj (.text:osalFindTimer)
                  00010aa0    00000020                                                         : osal.obj (.text:osal_memcmp)
                  00010ac0    00000020                                                         : osal.obj (.text:osal_msg_deallocate)
                  00010ae0    00000020                                                         : osal.obj (.text:osal_msg_send)
                  00010b00    00000020                                                         : osal.obj (.text:osal_proxy2alien$30)
                  00010b20    00000020     profiles_pxxx.a : gattservapp.o (.text)
                  00010b40    00000020                     : gattservapp.o (.text)
                  00010b60    00000020     ble_release_pem4f.oem4f (.text:ti_sysbios_BIOS_rtsLock__I)
                  00010b80    00000020     rom_sysbios.aem4f : rom_sysbios.obj (.text:ti_sysbios_family_arm_cc26xx_Timer_dynamicStub__E)
                  00010ba0    0000001e     drivers_cc13x2.aem4f : PINCC26XX.oem4f (.text:PIN_close)
                  00010bbe    0000001e                          : PowerCC26X2.oem4f (.text:Power_getTransitionLatency)
                  00010bdc    0000001e     ble5_simple_peripheral_cc13x2r1lp_stack_library.lib : gapbondmgr.obj (.text:gapBondMgrInvertCharCfgItem$29)
                  00010bfa    0000001e     hci_pxxx.a : hci_data.o (.text)
                  00010c18    0000001c     ble5_simple_peripheral_cc13x2r1lp_stack_library.lib : gapbondmgr.obj (.text:GAPBondMgr_Register)
                  00010c34    0000001c     icall.obj (.text:ICall_mallocLimited)
                  00010c50    0000001c     icall.obj (.text:ICall_primRepostSync$15)
                  00010c6c    0000001c     driverlib.lib : chipinfo.obj (.text:NOROM_ChipInfo_GetChipFamily)
                  00010c88    0000001c                   : flash.obj (.text:NOROM_FlashProgram)
                  00010ca4    0000001c                   : flash.obj (.text:NOROM_FlashSectorErase)
                  00010cc0    0000001c     nvoctp.obj (.text:NVOCTP_writeByte$14)
                  00010cdc    0000001c     drivers_cc13x2.aem4f : NVSCC26XX.oem4f (.text:NVSCC26XX_getAttrs)
                  00010cf8    0000001c                          : NVSCC26XX.oem4f (.text:NVSCC26XX_lock)
                  00010d14    0000001c                          : PINCC26XX.oem4f (.text:PINCC26XX_setIoCfgMux)
                  00010d30    0000001c                          : PINCC26XX.oem4f (.text:PIN_hwi)
                  00010d4c    0000001c     rf_multiMode_cc13x2.aem4f : RFCC26X2_multiMode.oem4f (.text:RF_clkInactivityCallback)
                  00010d68    0000001c                               : RFCC26X2_multiMode.oem4f (.text:RF_getRssi)
                  00010d84    0000001c                               : RFCC26X2_multiMode.oem4f (.text:RF_powerConstraintSet)
                  00010da0    0000001c     TRNGCC26XX.obj (.text:TRNGCC26XX_open)
                  00010dbc    0000001c     drivers_cc13x2.aem4f : UDMACC26XX.oem4f (.text:UDMACC26XX_initHw)
                  00010dd8    0000001c     ble5_simple_peripheral_cc13x2r1lp_stack_library.lib : gapbondmgr.obj (.text:gapBondFindPairReadyNode$29)
                  00010df4    0000001c                                                         : hal_assert.obj (.text:halAssertHandlerExt)
                  00010e10    0000001c     TRNGCC26XX.obj (.text:openTRNG)
                  00010e2c    0000001c     ble5_simple_peripheral_cc13x2r1lp_stack_library.lib : osal.obj (.text:osal_memdup)
                  00010e48    0000001c                                                         : osal.obj (.text:osal_revmemcpy)
                  00010e64    0000001c     rom_sysbios.aem4f : rom_sysbios.obj (.text:ti_sysbios_family_arm_m3_Hwi_clearInterrupt__E)
                  00010e80    0000001c                       : rom_sysbios.obj (.text:ti_sysbios_knl_Swi_construct2__E)
                  00010e9c    0000001a     icall.obj (.text:ICall_enterCSImpl)
                  00010eb6    0000001a     drivers_cc13x2.aem4f : PowerCC26X2.oem4f (.text:PowerCC26XX_calibrate)
                  00010ed0    0000001a     rf_multiMode_cc13x2.aem4f : RFCC26X2_multiMode.oem4f (.text:RF_findEndOfChain)
[...]
20000f9a  taskEndStatus                                                   
20000f9c  postRfOperations                                                
20000f9e  buildInfo                                                       
20000fa0  rfCfgAdiVal                                                     
20000fa4  att_sendRspOnly                                                 
20000fa5  advCount                                                        
20000fa6  updateState                                                     
20000fa7  advInit                                                         
20000fa8  gapProfileRole                                                  
20000fa9  gapDeviceAddrMode                                               
20000faa  gapState                                                        
20000fab  terminateReason                                                 
20000fac  gapScanMaxNumReport                                             
20000fad  gapScanEndReason                                                
20000fae  gapScanPackedAdvRptSize                                         
20000faf  fltPduTypeWanted                                                
20000fb0  fltPduTypeMask                                                  
20000fb1  gapTaskID                                                       
20000fb2  gattNumConns                                                    
20000fb3  gattTaskID                                                      
20000fb4  GATTServApp_TaskID                                              
20000fb5  maxNumPrepareWrites                                             
20000fb6  hciPTMenabled                                                   
20000fb7  ctrlToHostEnable                                                
20000fb8  l2capFlowCtrlMode                                               
20000fb9  l2capTaskID                                                     
20000fba  l2capNumChannels                                                
20000fbb  l2capNumDataPkts                                                
20000fbc  l2capNumPSM                                                     
20000fbd  l2capNumCoChannels                                              
20000fbe  l2cap_gattServAppTaskID                                         
20000fbf  l2capId                                                         
20000fc1  linkDBNumConns                                                  
20000fc2  linkDB_secureConnectionOnlyMode                                 
20000fc3  maxPduSize                                                      
20000fc4  rfFeModeBias                                                    
20000fc5  defaultPhy                                                      
20000fc6  maxNumTxDataBufs                                                
20000fc7  LL_TaskID                                                       
20000fc8  llState                                                         
20000fc9  rssiCorrection                                                  
20000fca  curTxPowerVal                                                   
20000fcb  maxTxPwrForDTM                                                  
20000fcc  onePktPerEvt                                                    
20000fcd  numComplPkts                                                    
20000fce  numComplPktsLimit                                               
20000fcf  numComplPktsFlush                                               
20000fd0  fastTxRespTime                                                  
20000fd1  slOverride                                                      
20000fd2  rxFifoFlowCtrl                                                  
20000fd3  numTxDataBufs                                                   
20000fd4  maxNumConns                                                     
20000fd5  aeCurHandle                                                     
20000fd6  aeCurAdvEnableHandle                                            
20000fd7  aeCurConnHandle                                                 
20000fd8  extScanIndex                                                    
20000fd9  extInitIndex                                                    
20000fda  scanState                                                       
20000fdb  lastPrimPhy                                                     
20000fdc  lastScanRsp                                                     
20000fdd  smTaskID                                                        
20000fde  SM_appExpectingKey                                              
20001b21  starthandleflag                                                 
20001b22  status_noti                                                     
20001b23  isPeriodicDataCollection                                        
20001b24  PeriodicCollectCnt                                              
20001b25  isNewrequestcome                                                
20001b26  isAutoSendTriggered                                             
20001b27  CMDTransmitnumbertemp                                           
20001b28  isBLEready                                                      
20001b29  isForwardingFinished                                            
20001b2a  isSendbackFinished                                              
20001b2b  isSPItrasferfinished                                            
20001b2c  Datafusionsendback                                              
20001b2d  FusionOnOff                                                     
20001b2e  FusionOnOffOld                                                  
20001b2f  isGPSonly                                                       
20001b30  SPItrasfercase                                                  
20001b31  isWaitingforIMU                                                 
20001b32  CMDTransmitnumber                                               
20001b33  CMDTransmitnumberOld                                            
20001b34  transferOK                                                      
20001b36  gpsCalDone                                                      
20001b3c  lensend                                                         
20001b3e  Character4handle                                                
20001b40  connectionHandleSend                                            
20001b44  dispHandle                                                      
20001b54  NumberofRemainingdata                                           
20001b58  handle_spi                                                      
20001b70  mstimecnt                                                       
20001b8c  noti                                                            
20001bbc  SpiSensorCSPinState                                             
20001bc8  SpiSensorCSPinTable                                             
20001bd4  ledPinState                                                     
20001be0  ledPinTable                                                     
20001c10  Transaction_spi                                                 
20001d40  spTask                                                          
20001eb0  RxBuffFromComputer                                              
20001fa0  TxBuffToComputer                                                
20002090  transmitBuffer_spi                                              
20002180  receiveBuffer_spi                                               
20002270  spTaskStack                                                     
20002b48  ROM_stateStruct                                                 
20002b48  ti_sysbios_knl_Clock_Module__state__V                           
20002b74  ti_sysbios_family_arm_cc26xx_TimestampProvider_Module__state__V 
20002b78  xdc_runtime_Startup_Module__state__V                            
20002b80  xdc_runtime_Registry_Module__state__V                           
20002b88  ti_sysbios_BIOS_Module__state__V                                
20002bac  ti_sysbios_knl_Swi_Module__state__V                             
20002bc8  ti_sysbios_knl_Task_Module__state__V                            
20002c0c  xdc_runtime_Memory_Module__state__V                             
20002c10  xdc_runtime_System_Module__state__V                             
20002c18  ti_sysbios_family_arm_m3_Hwi_Module__state__V                   
20002c4c  ti_sysbios_family_arm_cc26xx_Timer_Module__state__V             
20002c61  gapBond_removeLRUBond                                           
20002c62  gapBond_syncRL                                                  
20002c6c  gapBondStateNodeHead                                            
20002c7e  gapBond_lruBondList                                             
20002d54  PowerCC26X2_module                                              
20002e48  ICall_enterCriticalSection                                      
20002e4c  ICall_leaveCriticalSection                                      
20002e5c  heapmgrMemFreeTotal                                             
20002e68  HEAPMGR_SIZE                                                    
20002e6c  ICall_dispatcher                                                
20002edc  gapAttrTbl                                                      
20002f6c  baseTaskID                                                      
20002f70  cbTimers                                                        
20002fe8  llUserConfig                                                    
20003038  ti_sysbios_knl_Task_Object__table__V                            
20003084  gapAppTaskID                                                    
20003085  gapEndAppTaskID                                                 
20003088  ti_sysbios_family_arm_cc26xx_Timer_Object__table__V             
200030d0  spMenuConnPhy                                                   
20003148  ti_sysbios_gates_GateMutex_Object__table__V                     
20003180  ti_sysbios_knl_Swi_Module_State_0_readyQ__A                     
200031b0  ti_sysbios_knl_Swi_Object__table__V                             
200031e0  ti_sysbios_knl_Task_Module_State_0_readyQ__A                    
20003211  osal_entity                                                     
20003218  osal_qHead                                                      
2000321c  osal_eventloop_hook                                             
20003220  osal_icallMsg_hook                                              
20003224  osal_syncHandle                                                 
20003228  osal_tickperiod                                                 
2000322c  osal_max_msecs                                                  
2000323c  nvintfFncStruct                                                 
20003264  eccParams_NISTP256                                              
20003284  spMenuSelectConn                                                
200032a4  ti_sysbios_knl_Clock_Object__table__V                           
200032c4  xdc_runtime_Error_IgnoreBlock                                   
200032e4  spMenuMain                                                      
200032fc  spMenuPerConn                                                   
20003314  ti_sysbios_family_arm_m3_Hwi_Object__table__V                   
2000332c  tbmRowItemLast                                                  
20003395  CryptoResourceCC26XX_pollingFlag                                
20003398  bleAppServiceInfoTable                                          
200033a8  pfnBMAlloc                                                      
200033ac  pfnBMFree                                                       
200033b0  pRfErrCb                                                        
200033b4  lastAppOpcodeIdxSent                                            
200033b8  rfMode                                                          
200033c8  sizeInfo                                                        
200033d8  gattAttrTbl                                                     
200033e8  user0Cfg                                                        
200033f8  ti_sysbios_heaps_HeapCallback_Object__table__V                  
2000340d  PKAResourceCC26XX_pollingFlag                                   
2000340f  argGPS                                                          
20003418  assertSubcause                                                  
20003419  legacyMode                                                      
2000341c  halAssertCback                                                  
20003424  OSAL_timeSeconds                                                
20003428  _lock                                                           
2000342c  _unlock                                                         
20003430  pinUpperBound                                                   
20003434  pinLowerBound                                                   
20003438  periConnParameters                                              
20003440  ti_sysbios_family_arm_m3_Hwi_Module__root__V                    
20003448  ti_sysbios_gates_GateHwi_Module__root__V                        
20003450  ti_sysbios_gates_GateMutexPri_Module__root__V                   
20003458  ti_sysbios_gates_GateMutex_Module__root__V                      
20003460  ti_sysbios_hal_Hwi_Module__root__V                              
20003468  ti_sysbios_heaps_HeapCallback_Module__root__V                   
20003470  ti_sysbios_heaps_HeapMem_Module__root__V                        
20003478  ti_sysbios_knl_Clock_Module__root__V                            
20003480  ti_sysbios_knl_Event_Module__root__V                            
20003488  ti_sysbios_knl_Mailbox_Module__root__V                          
20003490  ti_sysbios_knl_Queue_Module__root__V                            
20003498  ti_sysbios_knl_Semaphore_Module__root__V                        
200034a0  ti_sysbios_knl_Swi_Module__root__V                              
200034a8  ti_sysbios_knl_Task_Module__root__V                             
200034b5  argMcuTransaction                                               
200034b6  ti_sysbios_family_arm_m3_Hwi_Module_State_0_excActive__A        
200034b8  pwrmgr_initialized                                              
200034ba  pwrmgr_attribute                                                
200034bc  icallServiceTblPtr                                              
200034c4  appAssertCback                                                  
200034c8  pOverrides1Mbps                                                 
200034cc  pOverrides2Mbps                                                 
200034d0  pOverridesCoded                                                 
200034d4  pOverridesCommon                                                
200034d8  main_func_sp                                                    
200034dc  ti_sysbios_family_arm_m3_Hwi_Module_State_0_excContext__A       
200034e0  ti_sysbios_family_arm_m3_Hwi_Module_State_0_excStack__A         
200034e4  ti_sysbios_knl_Task_Module_State_0_idleTask__A                  
200034e8  argPeriodic                                                     
200034ef  rfRatHandle                                                     
200034f0  deviceNameCharProps                                             
200034f1  appearanceCharProps                                             
200034f2  periConnParamCharProps                                          
200034f3  resolvablePrivateAddressOnlyCharProps                           
200034f8  ti_sysbios_knl_Task_Instance_State_0_stack__A                   
200037f8  uartCC26XXObjects                                               
20003c48  spiCC26X2DMAObjects                                             
20003df0  ti_sysbios_family_arm_m3_Hwi_dispatchTable                      
20003f48  pinHandleTable                                                  
20004030  uartCC26XXRingBuffer                                            
20004134  nvFptrs                                                         
200041e4  ecdhCC26X2Objects                                               
20004204  udmaObjects                                                     
200042b0  CryptoResourceCC26XX_accessSemaphore                            
200042cc  CryptoResourceCC26XX_hwi                                        
200042e8  CryptoResourceCC26XX_operationSemaphore                         
20004304  PKAResourceCC26XX_accessSemaphore                               
20004320  PKAResourceCC26XX_hwi                                           
2000433c  PKAResourceCC26XX_operationSemaphore                            
20004358  deviceName                                                      
20004370  aesccmCC26XXObjects                                             
20004388  aesecbCC26XXObjects                                             
200043f0  timerHead                                                       
200043f4  osal_last_timestamp                                             
20004408  llTaskList                                                      
20004420  displayUartObject                                               
20004430  extStackSettings                                                
20004434  ggs_AppCBs                                                      
20004438  ClockP_tickPeriod                                               
2000443c  PowerCC26XX_swiKey                                              
20004440  PowerCC26XX_taskKey                                             
20004444  nvsCC26xxObjects                                                
20004448  tasksEvents                                                     
2000444c  trngCC26XXObjects                                               
20004452  appearance                                                      
20004454  hciTaskID                                                       
20004455  hciGapTaskID                                                    
20004456  hciTestTaskID                                                   
20004457  hciL2capTaskID                                                  
20004458  hciSmpTaskID                                                    
2000445a  scanReqRpt                                                      
2000445b  wlSize                                                          
2000445c  rlSize                                                          
2000445d  resolvablePrivateAddressOnly                                    
2000445e  cccValue_char4                                                  
2000445f  driverlib_release_0_53646                                       
20004460  icall_liteTaskId                                                
20004461  heapStart                                                       
20013c00  __stack                                                         
20013c00  heapEnd                                                         
20014000  __STACK_END                                                     
20014000  __STACK_TOP                                                     
e000e000  ti_sysbios_family_arm_m3_Hwi_nvic                               
ffffffff  __TI_pprof_out_hndl                                             
ffffffff  __TI_prof_data_size                                             
ffffffff  __TI_prof_data_start                                            
ffffffff  __binit__                                                       
ffffffff  __c_args__                                                      
ffffffff  binit                                                           
UNDEFED   SHT$$INIT_ARRAY$$Base                                           
UNDEFED   SHT$$INIT_ARRAY$$Limit                                          

[2828 symbols]
